 node_printer

 Timestamp is 5dc42951 (Thu Nov  7 19:55:21 2019)

 Preferred load address is 0000000180000000

 Start         Length     Name                   Class
 0001:00000000 00000070H .text$di                CODE
 0001:00000070 00028bd0H .text$mn                CODE
 0001:00028c40 00000020H .text$mn$00             CODE
 0001:00028c60 000003f0H .text$x                 CODE
 0001:00029050 000001acH .text$yd                CODE
 0002:00000000 00000370H .idata$5                DATA
 0002:00000370 00000010H .00cfg                  DATA
 0002:00000380 00000008H .CRT$XCA                DATA
 0002:00000388 00000018H .CRT$XCC                DATA
 0002:000003a0 00000010H .CRT$XCL                DATA
 0002:000003b0 00000008H .CRT$XCU                DATA
 0002:000003b8 00000008H .CRT$XCZ                DATA
 0002:000003c0 00000008H .CRT$XIA                DATA
 0002:000003c8 00000030H .CRT$XIC                DATA
 0002:000003f8 00000008H .CRT$XIZ                DATA
 0002:00000400 00000008H .CRT$XLA                DATA
 0002:00000408 00000008H .CRT$XLZ                DATA
 0002:00000410 00000008H .CRT$XPA                DATA
 0002:00000418 00000010H .CRT$XPX                DATA
 0002:00000428 00000008H .CRT$XPXA               DATA
 0002:00000430 00000008H .CRT$XPZ                DATA
 0002:00000438 00000008H .CRT$XTA                DATA
 0002:00000440 00000010H .CRT$XTZ                DATA
 0002:00000448 00000000H .gfids$y                DATA
 0002:00000450 00011dd0H .rdata                  DATA
 0002:00012220 00000028H .rdata$T                DATA
 0002:00012248 0000090cH .rdata$r                DATA
 0002:00012b54 00000484H .rdata$zzzdbg           DATA
 0002:00012fd8 00000008H .rtc$IAA                DATA
 0002:00012fe0 00000008H .rtc$IZZ                DATA
 0002:00012fe8 00000008H .rtc$TAA                DATA
 0002:00012ff0 00000008H .rtc$TZZ                DATA
 0002:00012ff8 00000004H .tls                    DATA
 0002:00012ffc 00000004H .tls$                   DATA
 0002:00013000 00000010H .tls$ZZZ                DATA
 0002:00013010 00001da8H .xdata                  DATA
 0002:00014db8 00000244H .xdata$x                DATA
 0002:00014ffc 00000020H .didat$2                DATA
 0002:0001501c 00000024H .didat$3                DATA
 0002:00015040 000000f8H .didat$4                DATA
 0002:00015138 00000740H .didat$6                DATA
 0002:00015878 000000f8H .didat$7                DATA
 0002:00015970 0000005cH .edata                  DATA
 0002:000159cc 0000003cH .idata$2                DATA
 0002:00015a08 00000018H .idata$3                DATA
 0002:00015a20 00000370H .idata$4                DATA
 0002:00015d90 000007acH .idata$6                DATA
 0003:00000000 00000b50H .data                   DATA
 0003:00000b50 00000320H .data$r                 DATA
 0003:00000e70 00000100H .didat$5                DATA
 0003:00000f70 0000192cH .bss                    DATA
 0004:00000000 000020d0H .pdata                  DATA
 0005:00000000 00000060H .rsrc$01                DATA
 0005:00000060 00000180H .rsrc$02                DATA

  Address         Publics by Value              Rva+Base               Lib:Object

 0000:00000000       __hybrid_code_map_count    0000000000000000     <absolute>
 0000:00000000       __hybrid_code_map          0000000000000000     <absolute>
 0000:00000000       __guard_iat_count          0000000000000000     <absolute>
 0000:00000000       __guard_longjmp_count      0000000000000000     <absolute>
 0000:00000000       __guard_longjmp_table      0000000000000000     <absolute>
 0000:00000000       __volatile_metadata        0000000000000000     <absolute>
 0000:00000000       __guard_iat_table          0000000000000000     <absolute>
 0000:00000000       __guard_fids_count         0000000000000000     <absolute>
 0000:00000000       ___safe_se_handler_count   0000000000000000     <absolute>
 0000:00000000       __enclave_config           0000000000000000     <absolute>
 0000:00000000       ___safe_se_handler_table   0000000000000000     <absolute>
 0000:00000000       __guard_fids_table         0000000000000000     <absolute>
 0000:00000000       __hybrid_auxiliary_iat     0000000000000000     <absolute>
 0000:00000000       __dynamic_value_reloc_table 0000000000000000     <absolute>
 0000:00000100       __guard_flags              0000000000000100     <absolute>
 0000:00000000       __ImageBase                0000000180000000     <linker-defined>
 0001:00000070       ?NODE_SET_METHOD@node@@YAXV?$Local@VObject@v8@@@v8@@PEBDP6AXAEBV?$FunctionCallbackInfo@VValue@v8@@@3@@Z@Z 0000000180001070 f i node_printer.obj
 0001:00000180       ?initNode@@YAXV?$Local@VObject@v8@@@v8@@@Z 0000000180001180 f   node_printer.obj
 0001:00000280       ?assign@?$basic_string@DU?$char_traits@D@std@@V?$allocator@D@2@@std@@QEAAAEAV12@QEBD_K@Z 0000000180001280 f i node_printer.obj
 0001:000003d0       ?_Xlen@?$basic_string@DU?$char_traits@D@std@@V?$allocator@D@2@@std@@SAXXZ 00000001800013d0 f i node_printer.obj
 0001:000003f0       __local_stdio_printf_options 00000001800013f0 f i node_printer_win.obj
 0001:00000400       sprintf_s                  0000000180001400 f i node_printer_win.obj
 0001:00000460       ?what@exception@stdext@@UEBAPEBDXZ 0000000180001460 f i node_printer_win.obj
 0001:00000480       ?_Raise@exception@stdext@@QEBAXXZ 0000000180001480 f i node_printer_win.obj
 0001:000004c0       ?_Doraise@exception@stdext@@MEBAXXZ 00000001800014c0 f i node_printer_win.obj
 0001:000004c0       ?_Unlock@?$basic_streambuf@DU?$char_traits@D@std@@@std@@UEAAXXZ 00000001800014c0 f i node_printer_win.obj
 0001:000004c0       _guard_check_icall_nop     00000001800014c0 f i LIBCMT:guard_support.obj
 0001:000004c0       ?imbue@?$basic_streambuf@DU?$char_traits@D@std@@@std@@MEAAXAEBVlocale@2@@Z 00000001800014c0 f i node_printer_win.obj
 0001:000004c0       ?_Lock@?$basic_streambuf@DU?$char_traits@D@std@@@std@@UEAAXXZ 00000001800014c0 f i node_printer_win.obj
 0001:000004d0       ??_Eruntime_error@std@@UEAAPEAXI@Z 00000001800014d0 f i * CIL library *:* CIL module *
 0001:000004d0       ??_Gruntime_error@std@@UEAAPEAXI@Z 00000001800014d0 f i node_printer_win.obj
 0001:000004d0       ??_Gexception@stdext@@UEAAPEAXI@Z 00000001800014d0 f i node_printer_win.obj
 0001:000004d0       ??_Eexception@stdext@@UEAAPEAXI@Z 00000001800014d0 f i * CIL library *:* CIL module *
 0001:00000500       ??0runtime_error@std@@QEAA@PEBD@Z 0000000180001500 f i node_printer_win.obj
 0001:00000520       ??1_Locinfo@std@@QEAA@XZ   0000000180001520 f i node_printer_win.obj
 0001:000005c0       ??_E_Facet_base@std@@UEAAPEAXI@Z 00000001800015c0 f i * CIL library *:* CIL module *
 0001:000005c0       ??_G_Facet_base@std@@UEAAPEAXI@Z 00000001800015c0 f i node_printer_win.obj
 0001:000005f0       ?_Incref@facet@locale@std@@UEAAXXZ 00000001800015f0 f i node_printer_win.obj
 0001:00000600       ?_Decref@facet@locale@std@@UEAAPEAV_Facet_base@3@XZ 0000000180001600 f i node_printer_win.obj
 0001:00000610       ?do_tolower@?$ctype@D@std@@MEBADD@Z 0000000180001610 f i node_printer_win.obj
 0001:00000620       ?do_tolower@?$ctype@D@std@@MEBAPEBDPEADPEBD@Z 0000000180001620 f i node_printer_win.obj
 0001:00000680       ?do_toupper@?$ctype@D@std@@MEBADD@Z 0000000180001680 f i node_printer_win.obj
 0001:00000690       ?do_toupper@?$ctype@D@std@@MEBAPEBDPEADPEBD@Z 0000000180001690 f i node_printer_win.obj
 0001:000006f0       ?do_widen@?$ctype@D@std@@MEBADD@Z 00000001800016f0 f i node_printer_win.obj
 0001:000006f0       ?do_narrow@?$ctype@D@std@@MEBADDD@Z 00000001800016f0 f i node_printer_win.obj
 0001:00000700       ?do_widen@?$ctype@D@std@@MEBAPEBDPEBD0PEAD@Z 0000000180001700 f i node_printer_win.obj
 0001:00000720       ?do_narrow@?$ctype@D@std@@MEBAPEBDPEBD0DPEAD@Z 0000000180001720 f i node_printer_win.obj
 0001:00000740       ??_E?$ctype@D@std@@MEAAPEAXI@Z 0000000180001740 f i * CIL library *:* CIL module *
 0001:00000740       ??_G?$ctype@D@std@@MEAAPEAXI@Z 0000000180001740 f i node_printer_win.obj
 0001:000007b0       ?default_error_condition@error_category@std@@UEBA?AVerror_condition@2@H@Z 00000001800017b0 f i node_printer_win.obj
 0001:000007c0       ?equivalent@error_category@std@@UEBA_NHAEBVerror_condition@2@@Z 00000001800017c0 f i node_printer_win.obj
 0001:00000800       ?equivalent@error_category@std@@UEBA_NAEBVerror_code@2@H@Z 0000000180001800 f i node_printer_win.obj
 0001:00000820       ?make_error_code@std@@YA?AVerror_code@1@W4io_errc@1@@Z 0000000180001820 f i node_printer_win.obj
 0001:00000870       ??0_System_error@std@@IEAA@Verror_code@1@AEBV?$basic_string@DU?$char_traits@D@std@@V?$allocator@D@2@@1@@Z 0000000180001870 f i node_printer_win.obj
 0001:00000aa0       ??_E_System_error@std@@UEAAPEAXI@Z 0000000180001aa0 f i * CIL library *:* CIL module *
 0001:00000aa0       ??_Gfailure@ios_base@std@@UEAAPEAXI@Z 0000000180001aa0 f i node_printer_win.obj
 0001:00000aa0       ??_G_System_error@std@@UEAAPEAXI@Z 0000000180001aa0 f i node_printer_win.obj
 0001:00000aa0       ??_Efailure@ios_base@std@@UEAAPEAXI@Z 0000000180001aa0 f i * CIL library *:* CIL module *
 0001:00000ad0       ?name@_Iostream_error_category@std@@UEBAPEBDXZ 0000000180001ad0 f i node_printer_win.obj
 0001:00000ae0       ?message@_Iostream_error_category@std@@UEBA?AV?$basic_string@DU?$char_traits@D@std@@V?$allocator@D@2@@2@H@Z 0000000180001ae0 f i node_printer_win.obj
 0001:00000b60       ??_E_Iostream_error_category@std@@UEAAPEAXI@Z 0000000180001b60 f i * CIL library *:* CIL module *
 0001:00000b60       ??_G_Iostream_error_category@std@@UEAAPEAXI@Z 0000000180001b60 f i node_printer_win.obj
 0001:00000b90       ??0failure@ios_base@std@@QEAA@PEBDAEBVerror_code@2@@Z 0000000180001b90 f i node_printer_win.obj
 0001:00000c60       ?_Doraise@failure@ios_base@std@@MEBAXXZ 0000000180001c60 f i node_printer_win.obj
 0001:00000c80       ??_Eios_base@std@@UEAAPEAXI@Z 0000000180001c80 f i * CIL library *:* CIL module *
 0001:00000c80       ??_Gios_base@std@@UEAAPEAXI@Z 0000000180001c80 f i node_printer_win.obj
 0001:00003440       ??_D?$basic_ostringstream@DU?$char_traits@D@std@@V?$allocator@D@2@@std@@QEAAXXZ 0000000180004440 f i node_printer_win.obj
 0001:00004220       ?getPrinters@@YAXAEBV?$FunctionCallbackInfo@VValue@v8@@@v8@@@Z 0000000180005220 f   node_printer_win.obj
 0001:00004620       ?getDefaultPrinterName@@YAXAEBV?$FunctionCallbackInfo@VValue@v8@@@v8@@@Z 0000000180005620 f   node_printer_win.obj
 0001:00004730       ?getPrinter@@YAXAEBV?$FunctionCallbackInfo@VValue@v8@@@v8@@@Z 0000000180005730 f   node_printer_win.obj
 0001:00004c70       ?getPrinterDriverOptions@@YAXAEBV?$FunctionCallbackInfo@VValue@v8@@@v8@@@Z 0000000180005c70 f   node_printer_win.obj
 0001:00004ce0       ?getJob@@YAXAEBV?$FunctionCallbackInfo@VValue@v8@@@v8@@@Z 0000000180005ce0 f   node_printer_win.obj
 0001:00005230       ?setJob@@YAXAEBV?$FunctionCallbackInfo@VValue@v8@@@v8@@@Z 0000000180006230 f   node_printer_win.obj
 0001:000057e0       ?getSupportedJobCommands@@YAXAEBV?$FunctionCallbackInfo@VValue@v8@@@v8@@@Z 00000001800067e0 f   node_printer_win.obj
 0001:00005910       ?getSupportedPrintFormats@@YAXAEBV?$FunctionCallbackInfo@VValue@v8@@@v8@@@Z 0000000180006910 f   node_printer_win.obj
 0001:00005d90       ?PrintDirect@@YAXAEBV?$FunctionCallbackInfo@VValue@v8@@@v8@@@Z 0000000180006d90 f   node_printer_win.obj
 0001:000067c0       ?PrintFile@@YAXAEBV?$FunctionCallbackInfo@VValue@v8@@@v8@@@Z 00000001800077c0 f   node_printer_win.obj
 0001:00006830       ??0?$basic_string@DU?$char_traits@D@std@@V?$allocator@D@2@@std@@QEAA@_KD@Z 0000000180007830 f i node_printer_win.obj
 0001:000069a0       ??0?$basic_ostringstream@DU?$char_traits@D@std@@V?$allocator@D@2@@std@@QEAA@H@Z 00000001800079a0 f i node_printer_win.obj
 0001:00006be0       ?seekpos@?$basic_stringbuf@DU?$char_traits@D@std@@V?$allocator@D@2@@std@@MEAA?AV?$fpos@U_Mbstatet@@@2@V32@H@Z 0000000180007be0 f i node_printer_win.obj
 0001:00006cd0       ?seekoff@?$basic_stringbuf@DU?$char_traits@D@std@@V?$allocator@D@2@@std@@MEAA?AV?$fpos@U_Mbstatet@@@2@_JHH@Z 0000000180007cd0 f i node_printer_win.obj
 0001:00006e20       ?underflow@?$basic_stringbuf@DU?$char_traits@D@std@@V?$allocator@D@2@@std@@MEAAHXZ 0000000180007e20 f i node_printer_win.obj
 0001:00006e90       ?pbackfail@?$basic_stringbuf@DU?$char_traits@D@std@@V?$allocator@D@2@@std@@MEAAHH@Z 0000000180007e90 f i node_printer_win.obj
 0001:00006ef0       ?overflow@?$basic_stringbuf@DU?$char_traits@D@std@@V?$allocator@D@2@@std@@MEAAHH@Z 0000000180007ef0 f i node_printer_win.obj
 0001:00007100       ??1?$basic_stringbuf@DU?$char_traits@D@std@@V?$allocator@D@2@@std@@UEAA@XZ 0000000180008100 f i node_printer_win.obj
 0001:00007200       ??6?$basic_ostream@DU?$char_traits@D@std@@@std@@QEAAAEAV01@K@Z 0000000180008200 f i node_printer_win.obj
 0001:000073c0       ?showmanyc@?$basic_streambuf@DU?$char_traits@D@std@@@std@@MEAA_JXZ 00000001800083c0 f i node_printer_win.obj
 0001:000073c0       ?sync@?$basic_streambuf@DU?$char_traits@D@std@@@std@@MEAAHXZ 00000001800083c0 f i node_printer_win.obj
 0001:000073d0       ?setbuf@?$basic_streambuf@DU?$char_traits@D@std@@@std@@MEAAPEAV12@PEAD_J@Z 00000001800083d0 f i node_printer_win.obj
 0001:000073e0       ?seekpos@?$basic_streambuf@DU?$char_traits@D@std@@@std@@MEAA?AV?$fpos@U_Mbstatet@@@2@V32@H@Z 00000001800083e0 f i node_printer_win.obj
 0001:000073e0       ?seekoff@?$basic_streambuf@DU?$char_traits@D@std@@@std@@MEAA?AV?$fpos@U_Mbstatet@@@2@_JHH@Z 00000001800083e0 f i node_printer_win.obj
 0001:00007400       ?xsputn@?$basic_streambuf@DU?$char_traits@D@std@@@std@@MEAA_JPEBD_J@Z 0000000180008400 f i node_printer_win.obj
 0001:000074c0       ?xsgetn@?$basic_streambuf@DU?$char_traits@D@std@@@std@@MEAA_JPEAD_J@Z 00000001800084c0 f i node_printer_win.obj
 0001:00007570       ?uflow@?$basic_streambuf@DU?$char_traits@D@std@@@std@@MEAAHXZ 0000000180008570 f i node_printer_win.obj
 0001:000075b0       ?pbackfail@?$basic_streambuf@DU?$char_traits@D@std@@@std@@MEAAHH@Z 00000001800085b0 f i node_printer_win.obj
 0001:000075b0       ?overflow@?$basic_streambuf@DU?$char_traits@D@std@@@std@@MEAAHH@Z 00000001800085b0 f i node_printer_win.obj
 0001:000075b0       ?underflow@?$basic_streambuf@DU?$char_traits@D@std@@@std@@MEAAHXZ 00000001800085b0 f i node_printer_win.obj
 0001:000075c0       ??_G?$basic_ostringstream@DU?$char_traits@D@std@@V?$allocator@D@2@@std@@UEAAPEAXI@Z 00000001800085c0 f i node_printer_win.obj
 0001:000075c0       ??_E?$basic_ostringstream@DU?$char_traits@D@std@@V?$allocator@D@2@@std@@UEAAPEAXI@Z 00000001800085c0 f i * CIL library *:* CIL module *
 0001:00007600       ??_E?$basic_stringbuf@DU?$char_traits@D@std@@V?$allocator@D@2@@std@@UEAAPEAXI@Z 0000000180008600 f i * CIL library *:* CIL module *
 0001:00007600       ??_G?$basic_stringbuf@DU?$char_traits@D@std@@V?$allocator@D@2@@std@@UEAAPEAXI@Z 0000000180008600 f i node_printer_win.obj
 0001:00007640       ??_E?$basic_ostream@DU?$char_traits@D@std@@@std@@UEAAPEAXI@Z 0000000180008640 f i * CIL library *:* CIL module *
 0001:00007640       ??_G?$basic_ostream@DU?$char_traits@D@std@@@std@@UEAAPEAXI@Z 0000000180008640 f i node_printer_win.obj
 0001:000076b0       ??_E?$basic_streambuf@DU?$char_traits@D@std@@@std@@UEAAPEAXI@Z 00000001800086b0 f i * CIL library *:* CIL module *
 0001:000076b0       ??_G?$basic_streambuf@DU?$char_traits@D@std@@@std@@UEAAPEAXI@Z 00000001800086b0 f i node_printer_win.obj
 0001:00007730       ??_E?$basic_ios@DU?$char_traits@D@std@@@std@@UEAAPEAXI@Z 0000000180008730 f i * CIL library *:* CIL module *
 0001:00007730       ??_G?$basic_ios@DU?$char_traits@D@std@@@std@@UEAAPEAXI@Z 0000000180008730 f i node_printer_win.obj
 0001:00007770       ??0sentry@?$basic_ostream@DU?$char_traits@D@std@@@std@@QEAA@AEAV12@@Z 0000000180008770 f i node_printer_win.obj
 0001:000078a0       ?do_put@?$num_put@DV?$ostreambuf_iterator@DU?$char_traits@D@std@@@std@@@std@@MEBA?AV?$ostreambuf_iterator@DU?$char_traits@D@std@@@2@V32@AEAVios_base@2@DPEBX@Z 00000001800088a0 f i node_printer_win.obj
 0001:00007940       ?do_put@?$num_put@DV?$ostreambuf_iterator@DU?$char_traits@D@std@@@std@@@std@@MEBA?AV?$ostreambuf_iterator@DU?$char_traits@D@std@@@2@V32@AEAVios_base@2@DO@Z 0000000180008940 f i node_printer_win.obj
 0001:00007c20       ?do_put@?$num_put@DV?$ostreambuf_iterator@DU?$char_traits@D@std@@@std@@@std@@MEBA?AV?$ostreambuf_iterator@DU?$char_traits@D@std@@@2@V32@AEAVios_base@2@DN@Z 0000000180008c20 f i node_printer_win.obj
 0001:00007f00       ?do_put@?$num_put@DV?$ostreambuf_iterator@DU?$char_traits@D@std@@@std@@@std@@MEBA?AV?$ostreambuf_iterator@DU?$char_traits@D@std@@@2@V32@AEAVios_base@2@D_K@Z 0000000180008f00 f i node_printer_win.obj
 0001:00008020       ?do_put@?$num_put@DV?$ostreambuf_iterator@DU?$char_traits@D@std@@@std@@@std@@MEBA?AV?$ostreambuf_iterator@DU?$char_traits@D@std@@@2@V32@AEAVios_base@2@D_J@Z 0000000180009020 f i node_printer_win.obj
 0001:00008140       ?do_put@?$num_put@DV?$ostreambuf_iterator@DU?$char_traits@D@std@@@std@@@std@@MEBA?AV?$ostreambuf_iterator@DU?$char_traits@D@std@@@2@V32@AEAVios_base@2@DK@Z 0000000180009140 f i node_printer_win.obj
 0001:00008260       ?do_put@?$num_put@DV?$ostreambuf_iterator@DU?$char_traits@D@std@@@std@@@std@@MEBA?AV?$ostreambuf_iterator@DU?$char_traits@D@std@@@2@V32@AEAVios_base@2@DJ@Z 0000000180009260 f i node_printer_win.obj
 0001:00008380       ?do_put@?$num_put@DV?$ostreambuf_iterator@DU?$char_traits@D@std@@@std@@@std@@MEBA?AV?$ostreambuf_iterator@DU?$char_traits@D@std@@@2@V32@AEAVios_base@2@D_N@Z 0000000180009380 f i node_printer_win.obj
 0001:00008680       ?append@?$basic_string@DU?$char_traits@D@std@@V?$allocator@D@2@@std@@QEAAAEAV12@QEBD_K@Z 0000000180009680 f i node_printer_win.obj
 0001:00008700       ?_Pnavail@?$basic_streambuf@DU?$char_traits@D@std@@@std@@IEBA_JXZ 0000000180009700 f i node_printer_win.obj
 0001:00008720       ?_Gnavail@?$basic_streambuf@DU?$char_traits@D@std@@@std@@IEBA_JXZ 0000000180009720 f i node_printer_win.obj
 0001:00008740       ?setstate@?$basic_ios@DU?$char_traits@D@std@@@std@@QEAAXH_N@Z 0000000180009740 f i node_printer_win.obj
 0001:000087c0       ??_E?$num_put@DV?$ostreambuf_iterator@DU?$char_traits@D@std@@@std@@@std@@MEAAPEAXI@Z 00000001800097c0 f i * CIL library *:* CIL module *
 0001:000087c0       ??_G?$num_put@DV?$ostreambuf_iterator@DU?$char_traits@D@std@@@std@@@std@@MEAAPEAXI@Z 00000001800097c0 f i node_printer_win.obj
 0001:000087f0       ?do_truename@?$numpunct@D@std@@MEBA?AV?$basic_string@DU?$char_traits@D@std@@V?$allocator@D@2@@2@XZ 00000001800097f0 f i node_printer_win.obj
 0001:00008840       ?do_falsename@?$numpunct@D@std@@MEBA?AV?$basic_string@DU?$char_traits@D@std@@V?$allocator@D@2@@2@XZ 0000000180009840 f i node_printer_win.obj
 0001:00008890       ?do_grouping@?$numpunct@D@std@@MEBA?AV?$basic_string@DU?$char_traits@D@std@@V?$allocator@D@2@@2@XZ 0000000180009890 f i node_printer_win.obj
 0001:000088e0       ?do_thousands_sep@?$numpunct@D@std@@MEBADXZ 00000001800098e0 f i node_printer_win.obj
 0001:000088f0       ?do_decimal_point@?$numpunct@D@std@@MEBADXZ 00000001800098f0 f i node_printer_win.obj
 0001:00008900       ?_Iput@?$num_put@DV?$ostreambuf_iterator@DU?$char_traits@D@std@@@std@@@std@@AEBA?AV?$ostreambuf_iterator@DU?$char_traits@D@std@@@2@V32@AEAVios_base@2@DPEAD_K@Z 0000000180009900 f i node_printer_win.obj
 0001:00008f70       ?_Fput@?$num_put@DV?$ostreambuf_iterator@DU?$char_traits@D@std@@@std@@@std@@AEBA?AV?$ostreambuf_iterator@DU?$char_traits@D@std@@@2@V32@AEAVios_base@2@DPEBD_K@Z 0000000180009f70 f i node_printer_win.obj
 0001:00009660       ?erase@?$_Tree@V?$_Tmap_traits@V?$basic_string@DU?$char_traits@D@std@@V?$allocator@D@2@@std@@KU?$less@V?$basic_string@DU?$char_traits@D@std@@V?$allocator@D@2@@std@@@2@V?$allocator@U?$pair@$$CBV?$basic_string@DU?$char_traits@D@std@@V?$allocator@D@2@@std@@K@std@@@2@$0A@@std@@@std@@QEAA?AV?$_Tree_iterator@V?$_Tree_val@U?$_Tree_simple_types@U?$pair@$$CBV?$basic_string@DU?$char_traits@D@std@@V?$allocator@D@2@@std@@K@std@@@std@@@std@@@2@V?$_Tree_const_iterator@V?$_Tree_val@U?$_Tree_simple_types@U?$pair@$$CBV?$basic_string@DU?$char_traits@D@std@@V?$allocator@D@2@@std@@K@std@@@std@@@std@@@2@0@Z 000000018000a660 f i node_printer_win.obj
 0001:00009800       ??_E?$numpunct@D@std@@MEAAPEAXI@Z 000000018000a800 f i * CIL library *:* CIL module *
 0001:00009800       ??_G?$numpunct@D@std@@MEAAPEAXI@Z 000000018000a800 f i node_printer_win.obj
 0001:00009860       ?_Extract@?$_Tree_val@U?$_Tree_simple_types@U?$pair@$$CBV?$basic_string@DU?$char_traits@D@std@@V?$allocator@D@2@@std@@K@std@@@std@@@std@@QEAAPEAU?$_Tree_node@U?$pair@$$CBV?$basic_string@DU?$char_traits@D@std@@V?$allocator@D@2@@std@@K@std@@PEAX@2@V?$_Tree_const_iterator@V?$_Tree_val@U?$_Tree_simple_types@U?$pair@$$CBV?$basic_string@DU?$char_traits@D@std@@V?$allocator@D@2@@std@@K@std@@@std@@@std@@@2@@Z 000000018000a860 f i node_printer_win.obj
 0001:00009d00       ?_Erase@?$_Tree@V?$_Tmap_traits@V?$basic_string@DU?$char_traits@D@std@@V?$allocator@D@2@@std@@KU?$less@V?$basic_string@DU?$char_traits@D@std@@V?$allocator@D@2@@std@@@2@V?$allocator@U?$pair@$$CBV?$basic_string@DU?$char_traits@D@std@@V?$allocator@D@2@@std@@K@std@@@2@$0A@@std@@@std@@IEAAXPEAU?$_Tree_node@U?$pair@$$CBV?$basic_string@DU?$char_traits@D@std@@V?$allocator@D@2@@std@@K@std@@PEAX@2@@Z 000000018000ad00 f i node_printer_win.obj
 0001:00009dc0       ?_Xran@?$_String_val@U?$_Simple_types@D@std@@@std@@SAXXZ 000000018000adc0 f i node_printer_win.obj
 0001:00009de0       ??$use_facet@V?$ctype@D@std@@@std@@YAAEBV?$ctype@D@0@AEBVlocale@0@@Z 000000018000ade0 f i node_printer_win.obj
 0001:00009fe0       ??$insert@U?$pair@PEBDH@std@@X@?$map@V?$basic_string@DU?$char_traits@D@std@@V?$allocator@D@2@@std@@KU?$less@V?$basic_string@DU?$char_traits@D@std@@V?$allocator@D@2@@std@@@2@V?$allocator@U?$pair@$$CBV?$basic_string@DU?$char_traits@D@std@@V?$allocator@D@2@@std@@K@std@@@2@@std@@QEAA?AU?$pair@V?$_Tree_iterator@V?$_Tree_val@U?$_Tree_simple_types@U?$pair@$$CBV?$basic_string@DU?$char_traits@D@std@@V?$allocator@D@2@@std@@K@std@@@std@@@std@@@std@@_N@1@$$QEAU?$pair@PEBDH@1@@Z 000000018000afe0 f i node_printer_win.obj
 0001:0000a0a0       ??$?6U?$char_traits@D@std@@@std@@YAAEAV?$basic_ostream@DU?$char_traits@D@std@@@0@AEAV10@PEBD@Z 000000018000b0a0 f i node_printer_win.obj
 0001:0000a310       ??$use_facet@V?$num_put@DV?$ostreambuf_iterator@DU?$char_traits@D@std@@@std@@@std@@@std@@YAAEBV?$num_put@DV?$ostreambuf_iterator@DU?$char_traits@D@std@@@std@@@0@AEBVlocale@0@@Z 000000018000b310 f i node_printer_win.obj
 0001:0000a4f0       ??$use_facet@V?$numpunct@D@std@@@std@@YAAEBV?$numpunct@D@0@AEBVlocale@0@@Z 000000018000b4f0 f i node_printer_win.obj
 0001:0000a600       ??$_Reallocate_grow_by@V<lambda_e1befb086ad3257e3f042a63030725f7>@@_KD@?$basic_string@DU?$char_traits@D@std@@V?$allocator@D@2@@std@@QEAAAEAV01@_KV<lambda_e1befb086ad3257e3f042a63030725f7>@@_KD@Z 000000018000b600 f i node_printer_win.obj
 0001:0000a780       ??$_Reallocate_grow_by@V<lambda_65e615be2a453ca0576c979606f46740>@@PEBD_K@?$basic_string@DU?$char_traits@D@std@@V?$allocator@D@2@@std@@QEAAAEAV01@_KV<lambda_65e615be2a453ca0576c979606f46740>@@PEBD_K@Z 000000018000b780 f i node_printer_win.obj
 0001:0000a900       ??$_Reallocate_grow_by@V<lambda_b986da8d428e4af07c64af60eec09b61>@@_K_KD@?$basic_string@DU?$char_traits@D@std@@V?$allocator@D@2@@std@@QEAAAEAV01@_KV<lambda_b986da8d428e4af07c64af60eec09b61>@@_K2D@Z 000000018000b900 f i node_printer_win.obj
 0001:0000aab0       ?_Getcat@?$numpunct@D@std@@SA_KPEAPEBVfacet@locale@2@PEBV42@@Z 000000018000bab0 f i node_printer_win.obj
 0001:0000aca0       ??$_Immortalize_impl@V_Iostream_error_category@std@@@std@@YAHPEAX0PEAPEAX@Z 000000018000bca0 f i node_printer_win.obj
 0001:0000acc0       ??$_Insert_string@DU?$char_traits@D@std@@_K@std@@YAAEAV?$basic_ostream@DU?$char_traits@D@std@@@0@AEAV10@QEBD_K@Z 000000018000bcc0 f i node_printer_win.obj
 0001:0000af20       ??$_Insert_nohint@AEAU?$pair@$$CBV?$basic_string@DU?$char_traits@D@std@@V?$allocator@D@2@@std@@K@std@@PEAU?$_Tree_node@U?$pair@$$CBV?$basic_string@DU?$char_traits@D@std@@V?$allocator@D@2@@std@@K@std@@PEAX@2@@?$_Tree@V?$_Tmap_traits@V?$basic_string@DU?$char_traits@D@std@@V?$allocator@D@2@@std@@KU?$less@V?$basic_string@DU?$char_traits@D@std@@V?$allocator@D@2@@std@@@2@V?$allocator@U?$pair@$$CBV?$basic_string@DU?$char_traits@D@std@@V?$allocator@D@2@@std@@K@std@@@2@$0A@@std@@@std@@IEAA?AU?$pair@V?$_Tree_iterator@V?$_Tree_val@U?$_Tree_simple_types@U?$pair@$$CBV?$basic_string@DU?$char_traits@D@std@@V?$allocator@D@2@@std@@K@std@@@std@@@std@@@std@@_N@1@_NAEAU?$pair@$$CBV?$basic_string@DU?$char_traits@D@std@@V?$allocator@D@2@@std@@K@1@PEAU?$_Tree_node@U?$pair@$$CBV?$basic_string@DU?$char_traits@D@std@@V?$allocator@D@2@@std@@K@std@@PEAX@1@@Z 000000018000bf20 f i node_printer_win.obj
 0001:0000b100       ?_Destroy_if_node@?$_Tree@V?$_Tmap_traits@V?$basic_string@DU?$char_traits@D@std@@V?$allocator@D@2@@std@@KU?$less@V?$basic_string@DU?$char_traits@D@std@@V?$allocator@D@2@@std@@@2@V?$allocator@U?$pair@$$CBV?$basic_string@DU?$char_traits@D@std@@V?$allocator@D@2@@std@@K@std@@@2@$0A@@std@@@std@@IEAAXPEAU?$_Tree_node@U?$pair@$$CBV?$basic_string@DU?$char_traits@D@std@@V?$allocator@D@2@@std@@K@std@@PEAX@2@@Z 000000018000c100 f i node_printer_win.obj
 0001:0000b170       ??$_Insert_at@AEAU?$pair@$$CBV?$basic_string@DU?$char_traits@D@std@@V?$allocator@D@2@@std@@K@std@@PEAU?$_Tree_node@U?$pair@$$CBV?$basic_string@DU?$char_traits@D@std@@V?$allocator@D@2@@std@@K@std@@PEAX@2@@?$_Tree@V?$_Tmap_traits@V?$basic_string@DU?$char_traits@D@std@@V?$allocator@D@2@@std@@KU?$less@V?$basic_string@DU?$char_traits@D@std@@V?$allocator@D@2@@std@@@2@V?$allocator@U?$pair@$$CBV?$basic_string@DU?$char_traits@D@std@@V?$allocator@D@2@@std@@K@std@@@2@$0A@@std@@@std@@IEAA?AV?$_Tree_iterator@V?$_Tree_val@U?$_Tree_simple_types@U?$pair@$$CBV?$basic_string@DU?$char_traits@D@std@@V?$allocator@D@2@@std@@K@std@@@std@@@std@@@1@_NPEAU?$_Tree_node@U?$pair@$$CBV?$basic_string@DU?$char_traits@D@std@@V?$allocator@D@2@@std@@K@std@@PEAX@1@AEAU?$pair@$$CBV?$basic_string@DU?$char_traits@D@std@@V?$allocator@D@2@@std@@K@1@1@Z 000000018000c170 f i node_printer_win.obj
 0001:0000b41c       ??_E?$basic_ostream@DU?$char_traits@D@std@@@std@@$4PPPPPPPM@A@EAAPEAXI@Z 000000018000c41c f i node_printer_win.obj
 0001:0000b428       ??_E?$basic_ostringstream@DU?$char_traits@D@std@@V?$allocator@D@2@@std@@$4PPPPPPPM@A@EAAPEAXI@Z 000000018000c428 f i node_printer_win.obj
 0001:0000b440       ?MySetPrinter@@YAHPEADFFF@Z 000000018000c440 f   setprinter.obj
 0001:0000b734       __imp_load_?GetCurrentContext@Isolate@v8@@QEAA?AV?$Local@VContext@v8@@@2@XZ 000000018000c734 f   node:node.exe
 0001:0000b740       __tailMerge_node_exe       000000018000c740     node:node.exe
 0001:0000b7b9       __imp_load_?GetCurrent@Isolate@v8@@SAPEAV12@XZ 000000018000c7b9 f   node:node.exe
 0001:0000b7c5       __imp_load_??1HandleScope@v8@@QEAA@XZ 000000018000c7c5 f   node:node.exe
 0001:0000b7d1       __imp_load_??0HandleScope@v8@@QEAA@PEAVIsolate@1@@Z 000000018000c7d1 f   node:node.exe
 0001:0000b7dd       __imp_load_?GetFunction@FunctionTemplate@v8@@QEAA?AV?$MaybeLocal@VFunction@v8@@@2@V?$Local@VContext@v8@@@2@@Z 000000018000c7dd f   node:node.exe
 0001:0000b7e9       __imp_load_?New@FunctionTemplate@v8@@SA?AV?$Local@VFunctionTemplate@v8@@@2@PEAVIsolate@2@P6AXAEBV?$FunctionCallbackInfo@VValue@v8@@@2@@ZV?$Local@VValue@v8@@@2@V?$Local@VSignature@v8@@@2@HW4ConstructorBehavior@2@W4SideEffectType@2@@Z 000000018000c7e9 f   node:node.exe
 0001:0000b7f5       __imp_load_?ToLocalEmpty@V8@v8@@CAXXZ 000000018000c7f5 f   node:node.exe
 0001:0000b801       __imp_load_?IsObject@Value@v8@@QEBA_NXZ 000000018000c801 f   node:node.exe
 0001:0000b80d       __imp_load_??1Utf8Value@String@v8@@QEAA@XZ 000000018000c80d f   node:node.exe
 0001:0000b819       __imp_load_??0Utf8Value@String@v8@@QEAA@V?$Local@VValue@v8@@@2@@Z 000000018000c819 f   node:node.exe
 0001:0000b825       __imp_load_?NewFromUtf8@String@v8@@SA?AV?$MaybeLocal@VString@v8@@@2@PEAVIsolate@2@PEBDW4NewStringType@2@H@Z 000000018000c825 f   node:node.exe
 0001:0000b831       __imp_load_?Set@Object@v8@@QEAA_NV?$Local@VValue@v8@@@2@0@Z 000000018000c831 f   node:node.exe
 0001:0000b83d       __imp_load_?SetName@Function@v8@@QEAAXV?$Local@VString@v8@@@2@@Z 000000018000c83d f   node:node.exe
 0001:0000b849       __imp_load_node_module_register 000000018000c849 f   node:node.exe
 0001:0000b855       __imp_load_?HasInstance@Buffer@node@@YA_NV?$Local@VValue@v8@@@v8@@@Z 000000018000c855 f   node:node.exe
 0001:0000b861       __imp_load_?Data@Buffer@node@@YAPEADV?$Local@VValue@v8@@@v8@@@Z 000000018000c861 f   node:node.exe
 0001:0000b86d       __imp_load_?Length@Buffer@node@@YA_KV?$Local@VValue@v8@@@v8@@@Z 000000018000c86d f   node:node.exe
 0001:0000b879       __imp_load_?ToString@Value@v8@@QEBA?AV?$Local@VString@v8@@@2@XZ 000000018000c879 f   node:node.exe
 0001:0000b885       __imp_load_?ThrowException@Isolate@v8@@QEAA?AV?$Local@VValue@v8@@@2@V32@@Z 000000018000c885 f   node:node.exe
 0001:0000b891       __imp_load_?TypeError@Exception@v8@@SA?AV?$Local@VValue@v8@@@2@V?$Local@VString@v8@@@2@@Z 000000018000c891 f   node:node.exe
 0001:0000b89d       __imp_load_?New@Array@v8@@SA?AV?$Local@VArray@v8@@@2@PEAVIsolate@2@H@Z 000000018000c89d f   node:node.exe
 0001:0000b8a9       __imp_load_?Int32Value@Value@v8@@QEBAHXZ 000000018000c8a9 f   node:node.exe
 0001:0000b8b5       __imp_load_?IsInt32@Value@v8@@QEBA_NXZ 000000018000c8b5 f   node:node.exe
 0001:0000b8c1       __imp_load_??1Value@String@v8@@QEAA@XZ 000000018000c8c1 f   node:node.exe
 0001:0000b8cd       __imp_load_??0Value@String@v8@@QEAA@V?$Local@VValue@v8@@@2@@Z 000000018000c8cd f   node:node.exe
 0001:0000b8d9       __imp_load_?NewFromTwoByte@String@v8@@SA?AV?$Local@VString@v8@@@2@PEAVIsolate@2@PEBGW4NewStringType@12@H@Z 000000018000c8d9 f   node:node.exe
 0001:0000b8e5       __imp_load_?NewFromUtf8@String@v8@@SA?AV?$Local@VString@v8@@@2@PEAVIsolate@2@PEBDW4NewStringType@12@H@Z 000000018000c8e5 f   node:node.exe
 0001:0000b8f1       __imp_load_?New@Number@v8@@SA?AV?$Local@VNumber@v8@@@2@PEAVIsolate@2@N@Z 000000018000c8f1 f   node:node.exe
 0001:0000b8fd       __imp_load_?New@Object@v8@@SA?AV?$Local@VObject@v8@@@2@PEAVIsolate@2@@Z 000000018000c8fd f   node:node.exe
 0001:0000b909       __imp_load_?Set@Object@v8@@QEAA_NIV?$Local@VValue@v8@@@2@@Z 000000018000c909 f   node:node.exe
 0001:0000b918       ??0bad_alloc@std@@QEAA@AEBV01@@Z 000000018000c918 f i libcpmt:xthrow.obj
 0001:0000b958       ??0bad_alloc@std@@QEAA@XZ  000000018000c958 f i libcpmt:xthrow.obj
 0001:0000b978       ??0exception@std@@QEAA@AEBV01@@Z 000000018000c978 f i libcpmt:xthrow.obj
 0001:0000b9b0       ??0length_error@std@@QEAA@AEBV01@@Z 000000018000c9b0 f i libcpmt:xthrow.obj
 0001:0000b9f0       ??0length_error@std@@QEAA@PEBD@Z 000000018000c9f0 f i libcpmt:xthrow.obj
 0001:0000ba3c       ??0logic_error@std@@QEAA@AEBV01@@Z 000000018000ca3c f i libcpmt:xthrow.obj
 0001:0000ba7c       ??0out_of_range@std@@QEAA@AEBV01@@Z 000000018000ca7c f i libcpmt:xthrow.obj
 0001:0000babc       ??0out_of_range@std@@QEAA@PEBD@Z 000000018000cabc f i libcpmt:xthrow.obj
 0001:0000bb08       ??1bad_alloc@std@@UEAA@XZ  000000018000cb08 f i libcpmt:xthrow.obj
 0001:0000bb08       ??1out_of_range@std@@UEAA@XZ 000000018000cb08 f i libcpmt:xthrow.obj
 0001:0000bb08       ??1bad_exception@std@@UEAA@XZ 000000018000cb08 f i libvcruntime:frame.obj
 0001:0000bb08       ??1length_error@std@@UEAA@XZ 000000018000cb08 f i libcpmt:xthrow.obj
 0001:0000bb08       ??1bad_array_new_length@std@@UEAA@XZ 000000018000cb08 f i LIBCMT:throw_bad_alloc.obj
 0001:0000bb1c       ??_Eexception@std@@UEAAPEAXI@Z 000000018000cb1c f i libcpmt:xthrow.obj
 0001:0000bb1c       ??_Ebad_array_new_length@std@@UEAAPEAXI@Z 000000018000cb1c f i LIBCMT:throw_bad_alloc.obj
 0001:0000bb1c       ??_Glength_error@std@@UEAAPEAXI@Z 000000018000cb1c f i libcpmt:xthrow.obj
 0001:0000bb1c       ??_Gbad_array_new_length@std@@UEAAPEAXI@Z 000000018000cb1c f i LIBCMT:throw_bad_alloc.obj
 0001:0000bb1c       ??_Gout_of_range@std@@UEAAPEAXI@Z 000000018000cb1c f i libcpmt:xthrow.obj
 0001:0000bb1c       ??_Elogic_error@std@@UEAAPEAXI@Z 000000018000cb1c f i libcpmt:xthrow.obj
 0001:0000bb1c       ??_Eout_of_range@std@@UEAAPEAXI@Z 000000018000cb1c f i libcpmt:xthrow.obj
 0001:0000bb1c       ??_Ebad_exception@std@@UEAAPEAXI@Z 000000018000cb1c f i libvcruntime:frame.obj
 0001:0000bb1c       ??_Glogic_error@std@@UEAAPEAXI@Z 000000018000cb1c f i libcpmt:xthrow.obj
 0001:0000bb1c       ??_Gexception@std@@UEAAPEAXI@Z 000000018000cb1c f i libcpmt:xthrow.obj
 0001:0000bb1c       ??_Gbad_exception@std@@UEAAPEAXI@Z 000000018000cb1c f i libvcruntime:frame.obj
 0001:0000bb1c       ??_Ebad_alloc@std@@UEAAPEAXI@Z 000000018000cb1c f i libcpmt:xthrow.obj
 0001:0000bb1c       ??_Elength_error@std@@UEAAPEAXI@Z 000000018000cb1c f i libcpmt:xthrow.obj
 0001:0000bb1c       ??_Gbad_alloc@std@@UEAAPEAXI@Z 000000018000cb1c f i libcpmt:xthrow.obj
 0001:0000bb60       ?__scrt_throw_std_bad_alloc@@YAXXZ 000000018000cb60 f   LIBCMT:throw_bad_alloc.obj
 0001:0000bb60       ?_Xbad_alloc@std@@YAXXZ    000000018000cb60 f   libcpmt:xthrow.obj
 0001:0000bb80       ?_Xlength_error@std@@YAXPEBD@Z 000000018000cb80 f   libcpmt:xthrow.obj
 0001:0000bba4       ?_Xout_of_range@std@@YAXPEBD@Z 000000018000cba4 f   libcpmt:xthrow.obj
 0001:0000bbc8       ?what@exception@std@@UEBAPEBDXZ 000000018000cbc8 f i libcpmt:xthrow.obj
 0001:0000bbdc       ??0_Init_locks@std@@QEAA@XZ 000000018000cbdc f   libcpmt:xlock.obj
 0001:0000bc28       ??0_Lockit@std@@QEAA@H@Z   000000018000cc28 f   libcpmt:xlock.obj
 0001:0000bc64       ??1_Init_locks@std@@QEAA@XZ 000000018000cc64 f   libcpmt:xlock.obj
 0001:0000bca8       ??1_Lockit@std@@QEAA@XZ    000000018000cca8 f   libcpmt:xlock.obj
 0001:0000bcdc       ?_Execute_once@std@@YAHAEAUonce_flag@1@P6AHPEAX1PEAPEAX@Z1@Z 000000018000ccdc f   libcpmt:xonce.obj
 0001:0000bce4       ??1_Fac_tidy_reg_t@std@@QEAA@XZ 000000018000cce4 f i libcpmt:locale0.obj
 0001:0000bd4c       ??4?$_Yarn@D@std@@QEAAAEAV01@PEBD@Z 000000018000cd4c f i libcpmt:locale0.obj
 0001:0000bdc4       ??_G_Locimp@locale@std@@MEAAPEAXI@Z 000000018000cdc4 f i libcpmt:locale0.obj
 0001:0000bdc4       ??_E_Locimp@locale@std@@MEAAPEAXI@Z 000000018000cdc4 f i libcpmt:locale0.obj
 0001:0000be30       ?_Facet_Register@std@@YAXPEAV_Facet_base@1@@Z 000000018000ce30 f   libcpmt:locale0.obj
 0001:0000be68       ?_Getgloballocale@locale@std@@CAPEAV_Locimp@12@XZ 000000018000ce68 f   libcpmt:locale0.obj
 0001:0000be70       ?_Init@locale@std@@CAPEAV_Locimp@12@_N@Z 000000018000ce70 f   libcpmt:locale0.obj
 0001:0000bf1c       ?_Locimp_dtor@_Locimp@locale@std@@CAXPEAV123@@Z 000000018000cf1c f   libcpmt:locale0.obj
 0001:0000bfa4       ?_Locinfo_ctor@_Locinfo@std@@SAXPEAV12@PEBD@Z 000000018000cfa4 f   libcpmt:locale0.obj
 0001:0000c010       ?_Locinfo_dtor@_Locinfo@std@@SAXPEAV12@@Z 000000018000d010 f   libcpmt:locale0.obj
 0001:0000c02c       ?_New_Locimp@_Locimp@locale@std@@CAPEAV123@_N@Z 000000018000d02c f   libcpmt:locale0.obj
 0001:0000c09c       ?_Setgloballocale@locale@std@@CAXPEAX@Z 000000018000d09c f   libcpmt:locale0.obj
 0001:0000c0d0       _Deletegloballocale        000000018000d0d0 f   libcpmt:locale0.obj
 0001:0000c140       ?_Ios_base_dtor@ios_base@std@@CAXPEAV12@@Z 000000018000d140 f   libcpmt:ios.obj
 0001:0000c1c0       ?_Tidy@ios_base@std@@AEAAXXZ 000000018000d1c0 f i libcpmt:ios.obj
 0001:0000c240       ?_Syserror_map@std@@YAPEBDH@Z 000000018000d240 f   libcpmt:syserror.obj
 0001:0000c268       _Getctype                  000000018000d268 f   libcpmt:_tolower.obj
 0001:0000c330       _Tolower                   000000018000d330 f   libcpmt:_tolower.obj
 0001:0000c460       _Getcvt                    000000018000d460 f   libcpmt:xwctomb.obj
 0001:0000c4f0       _Toupper                   000000018000d4f0 f   libcpmt:_toupper.obj
 0001:0000c630       _Mtxdst                    000000018000d630 f   libcpmt:xmtx.obj
 0001:0000c638       _Mtxinit                   000000018000d638 f   libcpmt:xmtx.obj
 0001:0000c648       _Mtxlock                   000000018000d648 f   libcpmt:xmtx.obj
 0001:0000c650       _Mtxunlock                 000000018000d650 f   libcpmt:xmtx.obj
 0001:0000cb28       __crtInitOnceExecuteOnce   000000018000db28 f   libcpmt:winapisupp.obj
 0001:0000cbf4       __crtInitializeCriticalSectionEx 000000018000dbf4 f   libcpmt:winapisupp.obj
 0001:0000cc24       ?_Atexit@@YAXP6AXXZ@Z      000000018000dc24 f   libcpmt:iosptrs.obj
 0001:0000cc64       __crtLCMapStringA          000000018000dc64 f   libcpmt:StlLCMapStringA.obj
 0001:0000cf18       GetTableIndexFromLocaleName 000000018000df18 f   libcpmt:winapinls.obj
 0001:0000cfa8       __crtDownlevelLocaleNameToLCID 000000018000dfa8 f   libcpmt:winapinls.obj
 0001:0000cfdc       __crtLCMapStringEx         000000018000dfdc f   libcpmt:winapinls.obj
 0001:0000d078       __wcsnicmp_ascii           000000018000e078 f   libcpmt:winapinls.obj
 0001:0000d0f0       __security_check_cookie    000000018000e0f0 f   LIBCMT:amdsecgs.obj
 0001:0000d114       ??2@YAPEAX_K@Z             000000018000e114 f   LIBCMT:new_scalar.obj
 0001:0000d150       ??_V@YAXPEAX@Z             000000018000e150 f   LIBCMT:delete_array.obj
 0001:0000d150       ??3@YAXPEAX_K@Z            000000018000e150 f   LIBCMT:delete_scalar_size.obj
 0001:0000d2e0       _Init_thread_footer        000000018000e2e0 f   LIBCMT:thread_safe_statics.obj
 0001:0000d340       _Init_thread_header        000000018000e340 f   LIBCMT:thread_safe_statics.obj
 0001:0000d3a8       _Init_thread_notify        000000018000e3a8 f   LIBCMT:thread_safe_statics.obj
 0001:0000d3f8       _Init_thread_wait          000000018000e3f8 f   LIBCMT:thread_safe_statics.obj
 0001:0000d470       __scrt_acquire_startup_lock 000000018000e470 f   LIBCMT:utility.obj
 0001:0000d4ac       __scrt_dllmain_after_initialize_c 000000018000e4ac f   LIBCMT:utility.obj
 0001:0000d4e0       __scrt_dllmain_before_initialize_c 000000018000e4e0 f   LIBCMT:utility.obj
 0001:0000d4f8       __scrt_dllmain_crt_thread_attach 000000018000e4f8 f   LIBCMT:utility.obj
 0001:0000d520       __scrt_dllmain_crt_thread_detach 000000018000e520 f   LIBCMT:utility.obj
 0001:0000d538       __scrt_dllmain_exception_filter 000000018000e538 f   LIBCMT:utility.obj
 0001:0000d598       __scrt_dllmain_uninitialize_c 000000018000e598 f   LIBCMT:utility.obj
 0001:0000d5c8       __scrt_dllmain_uninitialize_critical 000000018000e5c8 f   LIBCMT:utility.obj
 0001:0000d5dc       __scrt_initialize_crt      000000018000e5dc f   LIBCMT:utility.obj
 0001:0000d628       __scrt_initialize_onexit_tables 000000018000e628 f   LIBCMT:utility.obj
 0001:0000d700       __scrt_is_nonwritable_in_current_image 000000018000e700 f   LIBCMT:utility.obj
 0001:0000d79c       __scrt_release_startup_lock 000000018000e79c f   LIBCMT:utility.obj
 0001:0000d7c0       __scrt_uninitialize_crt    000000018000e7c0 f   LIBCMT:utility.obj
 0001:0000d7ec       _onexit                    000000018000e7ec f   LIBCMT:utility.obj
 0001:0000d83c       atexit                     000000018000e83c f   LIBCMT:utility.obj
 0001:0000db84       _DllMainCRTStartup         000000018000eb84 f   LIBCMT:dll_dllmain.obj
 0001:0000dbc4       ??_Etype_info@@UEAAPEAXI@Z 000000018000ebc4 f i LIBCMT:std_type_info_static.obj
 0001:0000dbc4       ??_Gtype_info@@UEAAPEAXI@Z 000000018000ebc4 f i LIBCMT:std_type_info_static.obj
 0001:0000dbf0       __GSHandlerCheck           000000018000ebf0 f   LIBCMT:gshandler.obj
 0001:0000dc10       __GSHandlerCheckCommon     000000018000ec10 f   LIBCMT:gshandler.obj
 0001:0000dc6c       __GSHandlerCheck_EH        000000018000ec6c f   LIBCMT:gshandlereh.obj
 0001:0000dd00       _alloca_probe              000000018000ed00 f   LIBCMT:chkstk.obj
 0001:0000dd00       __chkstk                   000000018000ed00 f   LIBCMT:chkstk.obj
 0001:0000dd54       __raise_securityfailure    000000018000ed54 f   LIBCMT:gs_report.obj
 0001:0000dd88       __report_gsfailure         000000018000ed88 f   LIBCMT:gs_report.obj
 0001:0000de5c       __report_rangecheckfailure 000000018000ee5c f   LIBCMT:gs_report.obj
 0001:0000de70       __report_securityfailure   000000018000ee70 f   LIBCMT:gs_report.obj
 0001:0000dff0       ??0bad_array_new_length@std@@QEAA@AEBV01@@Z 000000018000eff0 f i LIBCMT:throw_bad_alloc.obj
 0001:0000e030       ??0bad_array_new_length@std@@QEAA@XZ 000000018000f030 f i LIBCMT:throw_bad_alloc.obj
 0001:0000e050       ?__scrt_throw_std_bad_array_new_length@@YAXXZ 000000018000f050 f   LIBCMT:throw_bad_alloc.obj
 0001:0000e070       ??3@YAXPEAX@Z              000000018000f070 f   LIBCMT:delete_scalar.obj
 0001:0000e078       __crt_debugger_hook        000000018000f078 f   LIBCMT:utility_desktop.obj
 0001:0000e080       __scrt_fastfail            000000018000f080 f   LIBCMT:utility_desktop.obj
 0001:0000e1cc       __isa_available_init       000000018000f1cc f   LIBCMT:cpu_disp.obj
 0001:0000e348       DllMain                    000000018000f348 f   LIBCMT:dll_dllmain_stub.obj
 0001:0000e348       _get_startup_argv_mode     000000018000f348 f   LIBCMT:argv_mode.obj
 0001:0000e350       __scrt_is_ucrt_dll_in_use  000000018000f350 f   LIBCMT:ucrt_detection.obj
 0001:0000e35c       __security_init_cookie     000000018000f35c f   LIBCMT:gs_support.obj
 0001:0000e408       ?__scrt_initialize_type_info@@YAXXZ 000000018000f408 f   LIBCMT:tncleanup.obj
 0001:0000e418       ?__scrt_uninitialize_type_info@@YAXXZ 000000018000f418 f   LIBCMT:tncleanup.obj
 0001:0000e424       __local_stdio_scanf_options 000000018000f424 f i LIBCMT:default_local_stdio_options.obj
 0001:0000e42c       __scrt_initialize_default_local_stdio_options 000000018000f42c f   LIBCMT:default_local_stdio_options.obj
 0001:0000e448       __scrt_get_dyn_tls_init_callback 000000018000f448 f   LIBCMT:dyn_tls_init.obj
 0001:0000e450       _RTC_Initialize            000000018000f450 f   LIBCMT:initsect.obj
 0001:0000e48c       _RTC_Terminate             000000018000f48c f   LIBCMT:initsect.obj
 0001:0000e4d0       _purecall                  000000018000f4d0 f   libvcruntime:purevirt.obj
 0001:0000e500       __std_exception_copy       000000018000f500 f   libvcruntime:std_exception.obj
 0001:0000e590       __std_exception_destroy    000000018000f590 f   libvcruntime:std_exception.obj
 0001:0000e5b8       _CxxThrowException         000000018000f5b8 f   libvcruntime:throw.obj
 0001:0000e678       ??$_CallSETranslator@V__FrameHandler3@@@@YAHPEAUEHExceptionRecord@@PEA_KPEAU_CONTEXT@@PEAU_xDISPATCHER_CONTEXT@@PEBU_s_FuncInfo@@K1@Z 000000018000f678 f i libvcruntime:risctrnsctrl.obj
 0001:0000e6cc       ?CatchTryBlock@__FrameHandler3@@SAPEBU_s_TryBlockMapEntry@@PEBU_s_FuncInfo@@H@Z 000000018000f6cc f   libvcruntime:risctrnsctrl.obj
 0001:0000e724       ?ExecutionInCatch@__FrameHandler3@@SA_NPEAU_xDISPATCHER_CONTEXT@@PEBU_s_FuncInfo@@@Z 000000018000f724 f   libvcruntime:risctrnsctrl.obj
 0001:0000e750       ?FrameUnwindToEmptyState@__FrameHandler3@@SAXPEA_KPEAU_xDISPATCHER_CONTEXT@@PEBU_s_FuncInfo@@@Z 000000018000f750 f   libvcruntime:risctrnsctrl.obj
 0001:0000e7b4       ?GetEstablisherFrame@__FrameHandler3@@SAPEA_KPEA_KPEAU_xDISPATCHER_CONTEXT@@PEBU_s_FuncInfo@@0@Z 000000018000f7b4 f   libvcruntime:risctrnsctrl.obj
 0001:0000e880       ?GetRangeOfTrysToCheck@__FrameHandler3@@SA?AU?$pair@Viterator@TryBlockMap@__FrameHandler3@@V123@@std@@AEAVTryBlockMap@1@HH@Z 000000018000f880 f   libvcruntime:risctrnsctrl.obj
 0001:0000e9dc       ?UnwindNestedFrames@__FrameHandler3@@SAXPEA_KPEAUEHExceptionRecord@@PEAU_CONTEXT@@0PEAXPEBU_s_FuncInfo@@HHPEBU_s_HandlerType@@PEAU_xDISPATCHER_CONTEXT@@E@Z 000000018000f9dc f   libvcruntime:risctrnsctrl.obj
 0001:0000eb00       _CreateFrameInfo           000000018000fb00 f   libvcruntime:risctrnsctrl.obj
 0001:0000eb3c       _FindAndUnlinkFrame        000000018000fb3c f   libvcruntime:risctrnsctrl.obj
 0001:0000eb90       _GetImageBase              000000018000fb90 f   libvcruntime:risctrnsctrl.obj
 0001:0000eba4       _GetThrowImageBase         000000018000fba4 f   libvcruntime:risctrnsctrl.obj
 0001:0000ebb8       _SetImageBase              000000018000fbb8 f   libvcruntime:risctrnsctrl.obj
 0001:0000ebd0       _SetThrowImageBase         000000018000fbd0 f   libvcruntime:risctrnsctrl.obj
 0001:0000ebe8       __CxxFrameHandler3         000000018000fbe8 f   libvcruntime:risctrnsctrl.obj
 0001:0000ec80       memcpy_repmovs             000000018000fc80 f   libvcruntime:memcpy.obj
 0001:0000eca0       memmove                    000000018000fca0 f   libvcruntime:memcpy.obj
 0001:0000eca0       memcpy                     000000018000fca0 f   libvcruntime:memcpy.obj
 0001:0000f0e0       memset_repmovs             00000001800100e0 f   libvcruntime:memset.obj
 0001:0000f100       memset                     0000000180010100 f   libvcruntime:memset.obj
 0001:0000f290       __DestructExceptionObject  0000000180010290 f   libvcruntime:ehhelpers.obj
 0001:0000f304       ?_CallMemberFunction0@@YAXQEAX0@Z 0000000180010304 f i libvcruntime:ehhelpers.obj
 0001:0000f308       _IsExceptionObjectToBeDestroyed 0000000180010308 f   libvcruntime:ehhelpers.obj
 0001:0000f338       __AdjustPointer            0000000180010338 f   libvcruntime:ehhelpers.obj
 0001:0000f35c       __FrameUnwindFilter        000000018001035c f   libvcruntime:ehhelpers.obj
 0001:0000f3a8       __std_terminate            00000001800103a8 f   libvcruntime:ehhelpers.obj
 0001:0000f3d0       memchr                     00000001800103d0 f   libvcruntime:memchr.obj
 0001:0000f450       memcmp                     0000000180010450 f   libvcruntime:memcmp.obj
 0001:0000f518       __vcrt_initialize          0000000180010518 f   libvcruntime:initialization.obj
 0001:0000f54c       __vcrt_thread_attach       000000018001054c f   libvcruntime:initialization.obj
 0001:0000f560       __vcrt_thread_detach       0000000180010560 f   libvcruntime:initialization.obj
 0001:0000f574       __vcrt_uninitialize        0000000180010574 f   libvcruntime:initialization.obj
 0001:0000f594       __vcrt_uninitialize_critical 0000000180010594 f   libvcruntime:initialization.obj
 0001:0000f5a4       __C_specific_handler       00000001800105a4 f   libvcruntime:riscchandler.obj
 0001:0000f7b0       __std_type_info_compare    00000001800107b0 f   libvcruntime:std_type_info.obj
 0001:0000f7d8       __std_type_info_destroy_list 00000001800107d8 f   libvcruntime:std_type_info.obj
 0001:0000f804       __vcrt_initialize_pure_virtual_call_handler 0000000180010804 f   libvcruntime:purevirt_data.obj
 0001:0000f814       __vcrt_freefls             0000000180010814 f   libvcruntime:per_thread_data.obj
 0001:0000f834       __vcrt_freeptd             0000000180010834 f   libvcruntime:per_thread_data.obj
 0001:0000f884       __vcrt_getptd              0000000180010884 f   libvcruntime:per_thread_data.obj
 0001:0000f8a0       __vcrt_getptd_noexit       00000001800108a0 f   libvcruntime:per_thread_data.obj
 0001:0000f96c       __vcrt_initialize_ptd      000000018001096c f   libvcruntime:per_thread_data.obj
 0001:0000f9c0       __vcrt_uninitialize_ptd    00000001800109c0 f   libvcruntime:per_thread_data.obj
 0001:0000f9e4       ?GetCurrentState@__FrameHandler3@@SAHPEA_KPEAU_xDISPATCHER_CONTEXT@@PEBU_s_FuncInfo@@@Z 00000001800109e4 f   libvcruntime:ehstate.obj
 0001:0000fa0c       ?GetUnwindTryBlock@__FrameHandler3@@SAHPEA_KPEAU_xDISPATCHER_CONTEXT@@PEBU_s_FuncInfo@@@Z 0000000180010a0c f   libvcruntime:ehstate.obj
 0001:0000fa38       ?SetState@__FrameHandler3@@SAXPEA_KPEBU_s_FuncInfo@@H@Z 0000000180010a38 f   libvcruntime:ehstate.obj
 0001:0000fa44       ?SetUnwindTryBlock@__FrameHandler3@@SAXPEA_KPEAU_xDISPATCHER_CONTEXT@@PEBU_s_FuncInfo@@H@Z 0000000180010a44 f   libvcruntime:ehstate.obj
 0001:0000fa80       ?StateFromControlPc@__FrameHandler3@@SAHPEBU_s_FuncInfo@@PEAU_xDISPATCHER_CONTEXT@@@Z 0000000180010a80 f   libvcruntime:ehstate.obj
 0001:0000fa88       ?StateFromIp@__FrameHandler3@@SAHPEBU_s_FuncInfo@@PEAU_xDISPATCHER_CONTEXT@@_K@Z 0000000180010a88 f   libvcruntime:ehstate.obj
 0001:00010514       ??$TypeMatchHelper@V__FrameHandler3@@@@YAHPEBU_s_HandlerType@@PEBU_s_CatchableType@@PEBU_s_ThrowInfo@@@Z 0000000180011514 f i libvcruntime:frame.obj
 0001:00010658       ??$__InternalCxxFrameHandler@V__FrameHandler3@@@@YA?AW4_EXCEPTION_DISPOSITION@@PEAUEHExceptionRecord@@PEA_KPEAU_CONTEXT@@PEAU_xDISPATCHER_CONTEXT@@PEBU_s_FuncInfo@@H1E@Z 0000000180011658 f i libvcruntime:frame.obj
 0001:000108a0       ??0bad_exception@std@@QEAA@AEBV01@@Z 00000001800118a0 f i libvcruntime:frame.obj
 0001:000108e0       ??0bad_exception@std@@QEAA@XZ 00000001800118e0 f i libvcruntime:frame.obj
 0001:00010900       ?CxxCallCatchBlock@__FrameHandler3@@SAPEAXPEAU_EXCEPTION_RECORD@@@Z 0000000180011900 f   libvcruntime:frame.obj
 0001:00010b74       ?FrameUnwindToState@__FrameHandler3@@SAXPEA_KPEAU_xDISPATCHER_CONTEXT@@PEBU_s_FuncInfo@@H@Z 0000000180011b74 f   libvcruntime:frame.obj
 0001:00010d08       ?GetHandlerSearchState@__FrameHandler3@@SAHPEA_KPEAU_xDISPATCHER_CONTEXT@@PEBU_s_FuncInfo@@@Z 0000000180011d08 f i libvcruntime:frame.obj
 0001:00010f0c       ?_CallMemberFunction1@@YAXQEAX00@Z 0000000180011f0c f i libvcruntime:frame.obj
 0001:00010f18       ?_CallMemberFunction2@@YAXQEAX00H@Z 0000000180011f18 f i libvcruntime:frame.obj
 0001:00010f28       __vcrt_initialize_locks    0000000180011f28 f   libvcruntime:locks.obj
 0001:00010f70       __vcrt_uninitialize_locks  0000000180011f70 f   libvcruntime:locks.obj
 0001:00011180       __vcrt_FlsAlloc            0000000180012180 f   libvcruntime:winapi_downlevel.obj
 0001:000111c8       __vcrt_FlsFree             00000001800121c8 f   libvcruntime:winapi_downlevel.obj
 0001:00011210       __vcrt_FlsGetValue         0000000180012210 f   libvcruntime:winapi_downlevel.obj
 0001:00011258       __vcrt_FlsSetValue         0000000180012258 f   libvcruntime:winapi_downlevel.obj
 0001:000112ac       __vcrt_InitializeCriticalSectionEx 00000001800122ac f   libvcruntime:winapi_downlevel.obj
 0001:00011310       __vcrt_initialize_winapi_thunks 0000000180012310 f   libvcruntime:winapi_downlevel.obj
 0001:00011340       __vcrt_uninitialize_winapi_thunks 0000000180012340 f   libvcruntime:winapi_downlevel.obj
 0001:00011390       _NLG_Notify                0000000180012390 f   libvcruntime:notify.obj
 0001:000113b0       __NLG_Dispatch2            00000001800123b0 f   libvcruntime:notify.obj
 0001:000113c0       __NLG_Return2              00000001800123c0 f   libvcruntime:notify.obj
 0001:000113c4       __except_validate_context_record 00000001800123c4 f   libvcruntime:jbcxrval.obj
 0001:00011410       _CallSettingFrame          0000000180012410 f   libvcruntime:handlers.obj
 0001:00011460       _CallSettingFrameEncoded   0000000180012460 f   libvcruntime:handlers.obj
 0001:000114a8       __acrt_call_reportfault    00000001800124a8 f   libucrt:invalid_parameter.obj
 0001:00011604       __acrt_initialize_invalid_parameter_handler 0000000180012604 f   libucrt:invalid_parameter.obj
 0001:0001160c       _invalid_parameter         000000018001260c f   libucrt:invalid_parameter.obj
 0001:000116bc       _invalid_parameter_noinfo  00000001800126bc f   libucrt:invalid_parameter.obj
 0001:000116dc       _invalid_parameter_noinfo_noreturn 00000001800126dc f   libucrt:invalid_parameter.obj
 0001:0001170c       _invoke_watson             000000018001270c f   libucrt:invalid_parameter.obj
 0001:00011754       abort                      0000000180012754 f   libucrt:abort.obj
 0001:000117ac       calloc                     00000001800127ac f   libucrt:calloc.obj
 0001:00011860       strcspn                    0000000180012860 f   libucrt:strcspn.obj
 0001:00011df0       ??$ensure_buffer_is_big_enough@D@formatting_buffer@__crt_stdio_output@@QEAA_N_K@Z 0000000180012df0 f i libucrt:output.obj
 0001:00011e98       ??$type_case_integer_parse_into_buffer@I@?$output_processor@DV?$string_output_adapter@D@__crt_stdio_output@@V?$format_validation_base@DV?$string_output_adapter@D@__crt_stdio_output@@@2@@__crt_stdio_output@@AEAAXII_N@Z 0000000180012e98 f i libucrt:output.obj
 0001:00011f28       ??$type_case_integer_parse_into_buffer@_K@?$output_processor@DV?$string_output_adapter@D@__crt_stdio_output@@V?$format_validation_base@DV?$string_output_adapter@D@__crt_stdio_output@@@2@@__crt_stdio_output@@AEAAX_KI_N@Z 0000000180012f28 f i libucrt:output.obj
 0001:00011fbc       ??$write_multiple_characters@V?$string_output_adapter@D@__crt_stdio_output@@D@__crt_stdio_output@@YAXAEBV?$string_output_adapter@D@0@DHQEAH@Z 0000000180012fbc f i libucrt:output.obj
 0001:00012034       ??0_LocaleUpdate@@QEAA@QEAU__crt_locale_pointers@@@Z 0000000180013034 f i libucrt:output.obj
 0001:000120d0       ??1_LocaleUpdate@@QEAA@XZ  00000001800130d0 f i libucrt:output.obj
 0001:000120e4       ?crop_zeroes@__crt_stdio_output@@YAXPEADQEAU__crt_locale_pointers@@@Z 00000001800130e4 f i libucrt:output.obj
 0001:00012150       ?force_decimal_point@__crt_stdio_output@@YAXPEADQEAU__crt_locale_pointers@@@Z 0000000180013150 f i libucrt:output.obj
 0001:000121c0       ?parse_int_from_format_string@?$output_processor@DV?$string_output_adapter@D@__crt_stdio_output@@V?$format_validation_base@DV?$string_output_adapter@D@__crt_stdio_output@@@2@@__crt_stdio_output@@AEAA_NQEAH@Z 00000001800131c0 f i libucrt:output.obj
 0001:00012264       ?process@?$output_processor@DV?$string_output_adapter@D@__crt_stdio_output@@V?$format_validation_base@DV?$string_output_adapter@D@__crt_stdio_output@@@2@@__crt_stdio_output@@QEAAHXZ 0000000180013264 f i libucrt:output.obj
 0001:0001247c       ?state_case_normal@?$output_processor@DV?$string_output_adapter@D@__crt_stdio_output@@V?$format_validation_base@DV?$string_output_adapter@D@__crt_stdio_output@@@2@@__crt_stdio_output@@AEAA_NXZ 000000018001347c f i libucrt:output.obj
 0001:000124f0       ?state_case_normal_tchar@?$output_processor@DV?$string_output_adapter@D@__crt_stdio_output@@V?$format_validation_base@DV?$string_output_adapter@D@__crt_stdio_output@@@2@@__crt_stdio_output@@AEAA_ND@Z 00000001800134f0 f i libucrt:output.obj
 0001:00012598       ?state_case_size@?$output_processor@DV?$string_output_adapter@D@__crt_stdio_output@@V?$format_validation_base@DV?$string_output_adapter@D@__crt_stdio_output@@@2@@__crt_stdio_output@@AEAA_NXZ 0000000180013598 f i libucrt:output.obj
 0001:0001270c       ?state_case_type@?$output_processor@DV?$string_output_adapter@D@__crt_stdio_output@@V?$format_validation_base@DV?$string_output_adapter@D@__crt_stdio_output@@@2@@__crt_stdio_output@@AEAA_NXZ 000000018001370c f i libucrt:output.obj
 0001:00012974       ?type_case_Z@?$output_processor@DV?$string_output_adapter@D@__crt_stdio_output@@V?$format_validation_base@DV?$string_output_adapter@D@__crt_stdio_output@@@2@@__crt_stdio_output@@AEAA_NXZ 0000000180013974 f i libucrt:output.obj
 0001:000129ec       ?type_case_a@?$output_processor@DV?$string_output_adapter@D@__crt_stdio_output@@V?$format_validation_base@DV?$string_output_adapter@D@__crt_stdio_output@@@2@@__crt_stdio_output@@AEAA_NXZ 00000001800139ec f i libucrt:output.obj
 0001:00012ba8       ?type_case_c_tchar@?$output_processor@DV?$string_output_adapter@D@__crt_stdio_output@@V?$format_validation_base@DV?$string_output_adapter@D@__crt_stdio_output@@@2@@__crt_stdio_output@@AEAA_ND@Z 0000000180013ba8 f i libucrt:output.obj
 0001:00012c64       ?type_case_integer@?$output_processor@DV?$string_output_adapter@D@__crt_stdio_output@@V?$format_validation_base@DV?$string_output_adapter@D@__crt_stdio_output@@@2@@__crt_stdio_output@@AEAA_NI_N@Z 0000000180013c64 f i libucrt:output.obj
 0001:00012e2c       ?type_case_n@?$output_processor@DV?$string_output_adapter@D@__crt_stdio_output@@V?$format_validation_base@DV?$string_output_adapter@D@__crt_stdio_output@@@2@@__crt_stdio_output@@AEAA_NXZ 0000000180013e2c f i libucrt:output.obj
 0001:00012f08       ?type_case_s@?$output_processor@DV?$string_output_adapter@D@__crt_stdio_output@@V?$format_validation_base@DV?$string_output_adapter@D@__crt_stdio_output@@@2@@__crt_stdio_output@@AEAA_NXZ 0000000180013f08 f i libucrt:output.obj
 0001:00012fa0       ?write_stored_string_tchar@?$output_processor@DV?$string_output_adapter@D@__crt_stdio_output@@V?$format_validation_base@DV?$string_output_adapter@D@__crt_stdio_output@@@2@@__crt_stdio_output@@AEAA_ND@Z 0000000180013fa0 f i libucrt:output.obj
 0001:00013078       ?write_string@?$string_output_adapter@D@__crt_stdio_output@@QEBAXQEBDHQEAHAEAV__crt_deferred_errno_cache@@@Z 0000000180014078 f i libucrt:output.obj
 0001:0001311c       __stdio_common_vsprintf_s  000000018001411c f   libucrt:output.obj
 0001:00013180       localeconv                 0000000180014180 f   libucrt:localeconv.obj
 0001:000131b4       free                       00000001800141b4 f   libucrt:free.obj
 0001:000131c8       frexp                      00000001800141c8 f   libucrt:frexp.obj
 0001:000132c0       malloc                     00000001800142c0 f   libucrt:malloc.obj
 0001:000132c8       __ascii_stricmp            00000001800142c8 f   libucrt:stricmp.obj
 0001:00013308       _stricmp                   0000000180014308 f   libucrt:stricmp.obj
 0001:00013350       _stricmp_l                 0000000180014350 f   libucrt:stricmp.obj
 0001:00013404       __acrt_initialize_locks    0000000180014404 f   libucrt:locks.obj
 0001:0001344c       __acrt_lock                000000018001444c f   libucrt:locks.obj
 0001:00013468       __acrt_uninitialize_locks  0000000180014468 f   libucrt:locks.obj
 0001:000134a0       __acrt_unlock              00000001800144a0 f   libucrt:locks.obj
 0001:000134bc       _lock_locales              00000001800144bc f   libucrt:locks.obj
 0001:000134d8       _unlock_locales            00000001800144d8 f   libucrt:locks.obj
 0001:000134e8       terminate                  00000001800144e8 f   libucrt:terminate.obj
 0001:000137e8       setlocale                  00000001800147e8 f   libucrt:setlocale.obj
 0001:00013834       __pctype_func              0000000180014834 f   libucrt:ctype.obj
 0001:00013864       isdigit                    0000000180014864 f i libucrt:_ctype.obj
 0001:000138f8       islower                    00000001800148f8 f i libucrt:_ctype.obj
 0001:0001398c       isupper                    000000018001498c f i libucrt:_ctype.obj
 0001:00013a20       _wcsdup                    0000000180014a20 f   libucrt:wcsdup.obj
 0001:00013aa4       ___lc_codepage_func        0000000180014aa4 f   libucrt:initctype.obj
 0001:00013ad4       ___lc_locale_name_func     0000000180014ad4 f   libucrt:initctype.obj
 0001:00013b08       ___mb_cur_max_func         0000000180014b08 f   libucrt:initctype.obj
 0001:00013b38       __acrt_locale_initialize_ctype 0000000180014b38 f   libucrt:initctype.obj
 0001:00014188       __acrt_errno_from_os_error 0000000180015188 f   libucrt:errno.obj
 0001:000141d0       __acrt_errno_map_os_error  00000001800151d0 f   libucrt:errno.obj
 0001:00014220       __doserrno                 0000000180015220 f   libucrt:errno.obj
 0001:00014240       _errno                     0000000180015240 f   libucrt:errno.obj
 0001:00014260       ?divide@__crt_strtox@@YA_KAEAUbig_integer@1@AEBU21@@Z 0000000180015260 f i libucrt:strtod.obj
 0001:00014720       pow                        0000000180015720 f   libucrt:pow.obj
 0001:00015dc0       powf                       0000000180016dc0 f   libucrt:powf.obj
 0001:00016c88       __strncnt                  0000000180017c88 f   libucrt:strncnt.obj
 0001:00016ca0       ??$__acrt_mbs_to_wcs_cp@U__crt_win32_buffer_internal_dynamic_resizing@@@@YAHQEBDAEAV?$__crt_win32_buffer@_WU__crt_win32_buffer_internal_dynamic_resizing@@@@I@Z 0000000180017ca0 f i libucrt:strftime.obj
 0001:00016e18       ??$__acrt_wcs_to_mbs_cp@U__crt_win32_buffer_no_resizing@@@@YAHQEB_WAEAV?$__crt_win32_buffer@DU__crt_win32_buffer_no_resizing@@@@I@Z 0000000180017e18 f i libucrt:strftime.obj
 0001:00016f8c       _tolower_l                 0000000180017f8c f   libucrt:tolower_toupper.obj
 0001:000170cc       tolower                    00000001800180cc f   libucrt:tolower_toupper.obj
 0001:000170f8       wcscpy_s                   00000001800180f8 f   libucrt:wcscpy_s.obj
 0001:00017160       strnlen                    0000000180018160 f   libucrt:strnlen.obj
 0001:000172b0       wcsnlen                    00000001800182b0 f   libucrt:strnlen.obj
 0001:00017488       __acrt_initialize_new_handler 0000000180018488 f   libucrt:new_handler.obj
 0001:00017490       _callnewh                  0000000180018490 f   libucrt:new_handler.obj
 0001:000174c0       _query_new_handler         00000001800184c0 f   libucrt:new_handler.obj
 0001:000174f4       _seh_filter_dll            00000001800184f4 f   libucrt:exception_filter.obj
 0001:00017508       _seh_filter_exe            0000000180018508 f   libucrt:exception_filter.obj
 0001:000178f8       __acrt_initialize_thread_local_exit_callback 00000001800188f8 f   libucrt:exit.obj
 0001:00017900       _cexit                     0000000180018900 f   libucrt:exit.obj
 0001:00017910       _exit                      0000000180018910 f   libucrt:exit.obj
 0001:0001791c       _is_c_termination_complete 000000018001891c f   libucrt:exit.obj
 0001:00017ae8       __acrt_allocate_buffer_for_argv 0000000180018ae8 f   libucrt:argv_parsing.obj
 0001:00017b48       _configure_narrow_argv     0000000180018b48 f   libucrt:argv_parsing.obj
 0001:00017ec0       __dcrt_uninitialize_environments_nolock 0000000180018ec0 f   libucrt:environment_initialization.obj
 0001:00017ef8       _initialize_narrow_environment 0000000180018ef8 f   libucrt:environment_initialization.obj
 0001:00018240       _crt_atexit                0000000180019240 f   libucrt:onexit.obj
 0001:00018250       _execute_onexit_table      0000000180019250 f   libucrt:onexit.obj
 0001:0001828c       _initialize_onexit_table   000000018001928c f   libucrt:onexit.obj
 0001:000182b4       _register_onexit_function  00000001800192b4 f   libucrt:onexit.obj
 0001:00018334       __acrt_uninitialize_command_line 0000000180019334 f   libucrt:argv_data.obj
 0001:0001842c       __acrt_initialize          000000018001942c f   libucrt:initialization.obj
 0001:00018440       __acrt_thread_attach       0000000180019440 f   libucrt:initialization.obj
 0001:00018454       __acrt_thread_detach       0000000180019454 f   libucrt:initialization.obj
 0001:00018464       __acrt_uninitialize        0000000180019464 f   libucrt:initialization.obj
 0001:0001849c       __acrt_uninitialize_critical 000000018001949c f   libucrt:initialization.obj
 0001:000184ac       _initterm                  00000001800194ac f   libucrt:initterm.obj
 0001:00018510       _initterm_e                0000000180019510 f   libucrt:initterm.obj
 0001:00018550       strcpy_s                   0000000180019550 f   libucrt:strcpy_s.obj
 0001:000185b0       wcsncmp                    00000001800195b0 f   libucrt:wcsncmp.obj
 0001:000185dc       ??$parse_integer@KV?$c_string_character_source@D@__crt_strtox@@@__crt_strtox@@YAKQEAU__crt_locale_pointers@@V?$c_string_character_source@D@0@H_N@Z 00000001800195dc f i libucrt:atox.obj
 0001:00018918       ??$parse_integer@KV?$c_string_character_source@_W@__crt_strtox@@@__crt_strtox@@YAKQEAU__crt_locale_pointers@@V?$c_string_character_source@_W@0@H_N@Z 0000000180019918 f i libucrt:atox.obj
 0001:00018fcc       _wtol                      0000000180019fcc f   libucrt:atox.obj
 0001:00019010       strncmp                    000000018001a010 f   libucrt:strncmp.obj
 0001:00019408       __acrt_freeptd             000000018001a408 f   libucrt:per_thread_data.obj
 0001:0001944c       __acrt_getptd              000000018001a44c f   libucrt:per_thread_data.obj
 0001:00019520       __acrt_getptd_head         000000018001a520 f   libucrt:per_thread_data.obj
 0001:000195c8       __acrt_getptd_noexit       000000018001a5c8 f   libucrt:per_thread_data.obj
 0001:00019694       __acrt_initialize_ptd      000000018001a694 f   libucrt:per_thread_data.obj
 0001:000196d0       __acrt_uninitialize_ptd    000000018001a6d0 f   libucrt:per_thread_data.obj
 0001:0001973c       __acrt_get_sigabrt_handler 000000018001a73c f   libucrt:signal.obj
 0001:0001976c       __acrt_initialize_signal_handlers 000000018001a76c f   libucrt:signal.obj
 0001:0001978c       raise                      000000018001a78c f   libucrt:signal.obj
 0001:000199f8       _calloc_base               000000018001a9f8 f   libucrt:calloc_base.obj
 0001:00019a70       _free_base                 000000018001aa70 f   libucrt:free_base.obj
 0001:00019ab0       _malloc_base               000000018001aab0 f   libucrt:malloc_base.obj
 0001:00019b10       strtol                     000000018001ab10 f   libucrt:strtox.obj
 0001:00019b3c       _mbtowc_l                  000000018001ab3c f   libucrt:mbtowc.obj
 0001:00019cb8       mbtowc                     000000018001acb8 f   libucrt:mbtowc.obj
 0001:00019cc0       _wctomb_s_l                000000018001acc0 f   libucrt:wctomb.obj
 0001:00019e60       wctomb_s                   000000018001ae60 f   libucrt:wctomb.obj
 0001:00019e74       __acrt_update_locale_info  000000018001ae74 f   libucrt:locale_update.obj
 0001:00019ea8       __acrt_update_multibyte_info 000000018001aea8 f   libucrt:locale_update.obj
 0001:0001a8b0       __acrt_fp_format           000000018001b8b0 f   libucrt:cvt.obj
 0001:0001ab38       _fileno                    000000018001bb38 f   libucrt:fileno.obj
 0001:0001ab60       __acrt_initialize_stdio    000000018001bb60 f   libucrt:_file.obj
 0001:0001ac80       __acrt_uninitialize_stdio  000000018001bc80 f   libucrt:_file.obj
 0001:0001acdc       _lock_file                 000000018001bcdc f   libucrt:_file.obj
 0001:0001ace8       _unlock_file               000000018001bce8 f   libucrt:_file.obj
 0001:0001acf4       _get_printf_count_output   000000018001bcf4 f   libucrt:printf_count_output.obj
 0001:0001af74       __acrt_copy_locale_name    000000018001bf74 f   libucrt:wsetlocale.obj
 0001:0001aff8       __acrt_set_locale_changed  000000018001bff8 f   libucrt:wsetlocale.obj
 0001:0001b004       __acrt_uninitialize_locale 000000018001c004 f   libucrt:wsetlocale.obj
 0001:0001b034       __lc_lctowcs               000000018001c034 f   libucrt:wsetlocale.obj
 0001:0001b0d8       __lc_wcstolc               000000018001c0d8 f   libucrt:wsetlocale.obj
 0001:0001b314       _expandlocale              000000018001c314 f   libucrt:wsetlocale.obj
 0001:0001b6f8       _wcscats                   000000018001c6f8 f   libucrt:wsetlocale.obj
 0001:0001b760       _wsetlocale                000000018001c760 f   libucrt:wsetlocale.obj
 0001:0001c1d4       __acrt_initialize_lowio    000000018001d1d4 f   libucrt:ioinit.obj
 0001:0001c210       __acrt_uninitialize_lowio  000000018001d210 f   libucrt:ioinit.obj
 0001:0001c250       _dsign                     000000018001d250 f   libucrt:nan.obj
 0001:0001c268       _errcode                   000000018001d268 f   libucrt:fpexcept.obj
 0001:0001c2ac       _except1                   000000018001d2ac f   libucrt:fpexcept.obj
 0001:0001c3a0       _handle_exc                000000018001d3a0 f   libucrt:fpexcept.obj
 0001:0001c608       _raise_exc                 000000018001d608 f   libucrt:fpexcept.obj
 0001:0001c630       _raise_exc_ex              000000018001d630 f   libucrt:fpexcept.obj
 0001:0001c940       _raise_excf                000000018001d940 f   libucrt:fpexcept.obj
 0001:0001c96c       _set_errno_from_matherr    000000018001d96c f   libucrt:fpexcept.obj
 0001:0001c99c       _umatherr                  000000018001d99c f   libucrt:fpexcept.obj
 0001:0001ca70       _decomp                    000000018001da70 f   libucrt:util.obj
 0001:0001cba8       _sptype                    000000018001dba8 f   libucrt:util.obj
 0001:0001cc1c       _clrfp                     000000018001dc1c f   libucrt:fpctrl.obj
 0001:0001cc3c       _ctrlfp                    000000018001dc3c f   libucrt:fpctrl.obj
 0001:0001ccb8       _set_statfp                000000018001dcb8 f   libucrt:fpctrl.obj
 0001:0001ccd8       _statfp                    000000018001dcd8 f   libucrt:fpctrl.obj
 0001:0001cf68       __acrt_AppPolicyGetProcessTerminationMethodInternal 000000018001df68 f   libucrt:winapi_thunks.obj
 0001:0001cfb8       __acrt_AreFileApisANSI     000000018001dfb8 f   libucrt:winapi_thunks.obj
 0001:0001cff4       __acrt_EnumSystemLocalesEx 000000018001dff4 f   libucrt:winapi_thunks.obj
 0001:0001d08c       __acrt_FlsAlloc            000000018001e08c f   libucrt:winapi_thunks.obj
 0001:0001d0d4       __acrt_FlsFree             000000018001e0d4 f   libucrt:winapi_thunks.obj
 0001:0001d11c       __acrt_FlsGetValue         000000018001e11c f   libucrt:winapi_thunks.obj
 0001:0001d164       __acrt_FlsSetValue         000000018001e164 f   libucrt:winapi_thunks.obj
 0001:0001d1b8       __acrt_GetLocaleInfoEx     000000018001e1b8 f   libucrt:winapi_thunks.obj
 0001:0001d23c       __acrt_GetUserDefaultLocaleName 000000018001e23c f   libucrt:winapi_thunks.obj
 0001:0001d2a0       __acrt_InitializeCriticalSectionEx 000000018001e2a0 f   libucrt:winapi_thunks.obj
 0001:0001d304       __acrt_IsValidLocaleName   000000018001e304 f   libucrt:winapi_thunks.obj
 0001:0001d35c       __acrt_LCIDToLocaleName    000000018001e35c f   libucrt:winapi_thunks.obj
 0001:0001d3cc       __acrt_LCMapStringEx       000000018001e3cc f   libucrt:winapi_thunks.obj
 0001:0001d4a8       __acrt_LocaleNameToLCID    000000018001e4a8 f   libucrt:winapi_thunks.obj
 0001:0001d4f8       __acrt_can_use_vista_locale_apis 000000018001e4f8 f   libucrt:winapi_thunks.obj
 0001:0001d528       __acrt_eagerly_load_locale_apis 000000018001e528 f   libucrt:winapi_thunks.obj
 0001:0001d684       __acrt_initialize_winapi_thunks 000000018001e684 f   libucrt:winapi_thunks.obj
 0001:0001d6b8       __acrt_uninitialize_winapi_thunks 000000018001e6b8 f   libucrt:winapi_thunks.obj
 0001:0001d900       _mbstowcs_s_l              000000018001e900 f   libucrt:mbstowcs.obj
 0001:0001da34       mbstowcs_s                 000000018001ea34 f   libucrt:mbstowcs.obj
 0001:0001ddbc       _wcstombs_s_l              000000018001edbc f   libucrt:wcstombs.obj
 0001:0001dea8       _isctype_l                 000000018001eea8 f   libucrt:isctype.obj
 0001:0001e134       __acrt_GetLocaleInfoA      000000018001f134 f   libucrt:getlocaleinfoa.obj
 0001:0001e2fc       __acrt_GetStringTypeA      000000018001f2fc f   libucrt:getstringtypea.obj
 0001:0001e7a4       __acrt_LCMapStringA        000000018001f7a4 f   libucrt:lcmapstringa.obj
 0001:0001e83c       _realloc_base              000000018001f83c f   libucrt:realloc_base.obj
 0001:0001e8b8       iswctype                   000000018001f8b8 f   libucrt:iswctype.obj
 0001:0001e930       __acrt_initialize_fma3     000000018001f930 f   libucrt:fma3_available.obj
 0001:0001e9a0       _pow_special               000000018001f9a0 f   libucrt:pow_special.obj
 0001:0001eac4       _powf_special              000000018001fac4 f   libucrt:pow_special.obj
 0001:0001ec50       __acrt_MultiByteToWideChar 000000018001fc50 f   libucrt:multibytetowidechar.obj
 0001:0001ecac       __acrt_WideCharToMultiByte 000000018001fcac f   libucrt:widechartomultibyte.obj
 0001:0001ed44       _wcsicmp                   000000018001fd44 f   libucrt:wcsicmp.obj
 0001:0001eddc       _wcsicmp_l                 000000018001fddc f   libucrt:wcsicmp.obj
 0001:0001eedc       __acrt_initialize_timeset  000000018001fedc f   libucrt:timeset.obj
 0001:0001ef20       _isleadbyte_l              000000018001ff20 f i libucrt:_wctype.obj
 0001:0001ef6c       __acrt_get_process_end_policy 000000018001ff6c f   libucrt:win_policies.obj
 0001:0001efbc       ??$__acrt_wcs_to_mbs_cp@U__crt_win32_buffer_internal_dynamic_resizing@@@@YAHQEB_WAEAV?$__crt_win32_buffer@DU__crt_win32_buffer_internal_dynamic_resizing@@@@I@Z 000000018001ffbc f i libucrt:argv_wildcards.obj
 0001:0001f7ec       __acrt_expand_narrow_argv_wildcards 00000001800207ec f   libucrt:argv_wildcards.obj
 0001:0001f7f4       __acrt_GetModuleFileNameA  00000001800207f4 f   libucrt:getmodulefilenamea.obj
 0001:00020040       __acrt_initialize_multibyte 0000000180021040 f   libucrt:mbctype.obj
 0001:000200a0       __acrt_update_thread_multibyte_data 00000001800210a0 f   libucrt:mbctype.obj
 0001:000200bc       _setmbcp_nolock            00000001800210bc f   libucrt:mbctype.obj
 0001:000203f0       _ismbblead                 00000001800213f0 f   libucrt:ismbbyte.obj
 0001:00020404       __acrt_initialize_command_line 0000000180021404 f   libucrt:argv_data.obj
 0001:0002042c       __dcrt_get_narrow_environment_from_os 000000018002142c f   libucrt:get_environment_from_os.obj
 0001:00020530       _recalloc_base             0000000180021530 f   libucrt:recalloc.obj
 0001:000205c8       __acrt_initialize_heap     00000001800215c8 f   libucrt:heap_handle.obj
 0001:000205e4       __acrt_uninitialize_heap   00000001800215e4 f   libucrt:heap_handle.obj
 0001:000205f0       __acrt_execute_initializers 00000001800215f0 f   libucrt:shared_initialization.obj
 0001:00020670       __acrt_execute_uninitializers 0000000180021670 f   libucrt:shared_initialization.obj
 0001:000206ac       __acrt_has_user_matherr    00000001800216ac f   libucrt:matherr.obj
 0001:000206cc       __acrt_initialize_user_matherr 00000001800216cc f   libucrt:matherr.obj
 0001:000206d4       __acrt_invoke_user_matherr 00000001800216d4 f   libucrt:matherr.obj
 0001:000208e0       __acrt_stdio_flush_nolock  00000001800218e0 f   libucrt:fflush.obj
 0001:0002095c       _fflush_nolock             000000018002195c f   libucrt:fflush.obj
 0001:000209a8       _flushall                  00000001800219a8 f   libucrt:fflush.obj
 0001:000209b0       __acrt_add_locale_ref      00000001800219b0 f   libucrt:locale_refcounting.obj
 0001:00020a3c       __acrt_free_locale         0000000180021a3c f   libucrt:locale_refcounting.obj
 0001:00020bb4       __acrt_locale_add_lc_time_reference 0000000180021bb4 f   libucrt:locale_refcounting.obj
 0001:00020bdc       __acrt_locale_free_lc_time_if_unreferenced 0000000180021bdc f   libucrt:locale_refcounting.obj
 0001:00020c14       __acrt_locale_release_lc_time_reference 0000000180021c14 f   libucrt:locale_refcounting.obj
 0001:00020c3c       __acrt_release_locale_ref  0000000180021c3c f   libucrt:locale_refcounting.obj
 0001:00020ce4       __acrt_update_thread_locale_data 0000000180021ce4 f   libucrt:locale_refcounting.obj
 0001:00020d54       _updatetlocinfoEx_nolock   0000000180021d54 f   libucrt:locale_refcounting.obj
 0001:00020dbc       _query_new_mode            0000000180021dbc f   libucrt:new_mode.obj
 0001:00020dc4       ?__mbrtowc_utf8@__crt_mbstring@@YA_KPEA_WPEBD_KPEAU_Mbstatet@@@Z 0000000180021dc4 f   libucrt:mbrtowc.obj
 0001:00020e00       ?__mbsrtowcs_utf8@__crt_mbstring@@YA_KPEA_WPEAPEBD_KPEAU_Mbstatet@@@Z 0000000180021e00 f   libucrt:mbrtowc.obj
 0001:00020f78       ?__c32rtomb_utf8@__crt_mbstring@@YA_KPEAD_UPEAU_Mbstatet@@@Z 0000000180021f78 f   libucrt:c32rtomb.obj
 0001:00021030       c32rtomb                   0000000180022030 f   libucrt:c32rtomb.obj
 0001:00021038       __acrt_fp_strflt_to_string 0000000180022038 f   libucrt:_fptostr.obj
 0001:0002111c       __acrt_fltout              000000018002211c f   libucrt:cfout.obj
 0001:00022350       _fcloseall                 0000000180023350 f   libucrt:closeall.obj
 0001:00022404       __acrt_stdio_free_buffer_nolock 0000000180023404 f   libucrt:_freebuf.obj
 0001:00022444       _isatty                    0000000180023444 f   libucrt:isatty.obj
 0001:000224a4       __acrt_locale_free_monetary 00000001800234a4 f   libucrt:initmon.obj
 0001:000225b0       __acrt_locale_initialize_monetary 00000001800235b0 f   libucrt:initmon.obj
 0001:00022ae4       __acrt_locale_free_numeric 0000000180023ae4 f   libucrt:initnum.obj
 0001:00022b50       __acrt_locale_initialize_numeric 0000000180023b50 f   libucrt:initnum.obj
 0001:000231d0       __acrt_locale_free_time    00000001800241d0 f   libucrt:inittime.obj
 0001:000232d8       __acrt_locale_initialize_time 00000001800242d8 f   libucrt:inittime.obj
 0001:00023374       wcscat_s                   0000000180024374 f   libucrt:wcscat_s.obj
 0001:000233f4       wcsncpy_s                  00000001800243f4 f   libucrt:wcsncpy_s.obj
 0001:000234d8       wcscspn                    00000001800244d8 f   libucrt:wcscspn.obj
 0001:00023518       wcspbrk                    0000000180024518 f   libucrt:wcspbrk.obj
 0001:00023d00       __acrt_get_qualified_locale 0000000180024d00 f   libucrt:get_qualified_locale.obj
 0001:00024734       __acrt_get_qualified_locale_downlevel 0000000180025734 f   libucrt:getqloc_downlevel.obj
 0001:000249b4       __acrt_lowio_create_handle_array 00000001800259b4 f   libucrt:osfinfo.obj
 0001:00024a5c       __acrt_lowio_destroy_handle_array 0000000180025a5c f   libucrt:osfinfo.obj
 0001:00024aac       __acrt_lowio_ensure_fh_exists 0000000180025aac f   libucrt:osfinfo.obj
 0001:00024b54       __acrt_lowio_lock_fh       0000000180025b54 f   libucrt:osfinfo.obj
 0001:00024b7c       __acrt_lowio_unlock_fh     0000000180025b7c f   libucrt:osfinfo.obj
 0001:00024ba4       _free_osfhnd               0000000180025ba4 f   libucrt:osfinfo.obj
 0001:00024c60       _get_osfhandle             0000000180025c60 f   libucrt:osfinfo.obj
 0001:00024cf0       _get_fpsr                  0000000180025cf0 f   libucrt:fpsr.obj
 0001:00024d00       _set_fpsr                  0000000180025d00 f   libucrt:fpsr.obj
 0001:00024d0a       _fclrf                     0000000180025d0a f   libucrt:fpsr.obj
 0001:00024d1e       _frnd                      0000000180025d1e f   libucrt:fpsr.obj
 0001:00024e28       __acrt_DownlevelLCIDToLocaleName 0000000180025e28 f   libucrt:lcidtoname_downlevel.obj
 0001:00024f1c       __acrt_DownlevelLocaleNameToLCID 0000000180025f1c f   libucrt:lcidtoname_downlevel.obj
 0001:00024f50       ?__wcsrtombs_utf8@__crt_mbstring@@YA_KPEADPEAPEB_W_KPEAU_Mbstatet@@@Z 0000000180025f50 f   libucrt:wcrtomb.obj
 0001:0002506c       strncpy_s                  000000018002606c f   libucrt:strncpy_s.obj
 0001:00025140       __acrt_GetStringTypeW      0000000180026140 f   libucrt:getstringtypew.obj
 0001:00025148       __acrt_fenv_get_control    0000000180026148 f   libucrt:_fenvutils.obj
 0001:0002523c       __acrt_fenv_get_status     000000018002623c f   libucrt:_fenvutils.obj
 0001:00025290       __acrt_fenv_set_control    0000000180026290 f   libucrt:_fenvutils.obj
 0001:000253d8       __acrt_fenv_set_status     00000001800263d8 f   libucrt:_fenvutils.obj
 0001:00025580       _handle_error              0000000180026580 f   libucrt:libm_error.obj
 0001:000256a8       _handle_errorf             00000001800266a8 f   libucrt:libm_error.obj
 0001:000257dc       _handle_nan                00000001800267dc f   libucrt:libm_error.obj
 0001:000257f8       _handle_nanf               00000001800267f8 f   libucrt:libm_error.obj
 0001:00025808       _towlower_l                0000000180026808 f   libucrt:towlower.obj
 0001:000258d0       qsort                      00000001800268d0 f   libucrt:qsort.obj
 0001:00025d30       strpbrk                    0000000180026d30 f   libucrt:strpbrk.obj
 0001:00026110       _mbsdec                    0000000180027110 f   libucrt:mbsdec.obj
 0001:00026118       _mbsdec_l                  0000000180027118 f   libucrt:mbsdec.obj
 0001:000261c4       _msize_base                00000001800271c4 f   libucrt:msize.obj
 0001:0002628c       _commit                    000000018002728c f   libucrt:commit.obj
 0001:00026b8c       _write                     0000000180027b8c f   libucrt:write.obj
 0001:00026c78       _write_nolock              0000000180027c78 f   libucrt:write.obj
 0001:00026f54       ?__mbrtoc32_utf8@__crt_mbstring@@YA_KPEA_UPEBD_KPEAU_Mbstatet@@@Z 0000000180027f54 f   libucrt:mbrtoc32.obj
 0001:00027130       fegetenv                   0000000180028130 f   libucrt:fegetenv.obj
 0001:00027150       fesetenv                   0000000180028150 f   libucrt:fesetenv.obj
[...]
 0004:00001bb4       $pdata$GetLcidFromLanguage 0000000180046bb4     libucrt:getqloc_downlevel.obj
 0004:00001bc0       $pdata$LangCountryEnumProc 0000000180046bc0     libucrt:getqloc_downlevel.obj
 0004:00001bcc       $pdata$LanguageEnumProc    0000000180046bcc     libucrt:getqloc_downlevel.obj
 0004:00001bd8       $pdata$ProcessCodePage     0000000180046bd8     libucrt:getqloc_downlevel.obj
 0004:00001be4       $pdata$TestDefaultLanguage 0000000180046be4     libucrt:getqloc_downlevel.obj
 0004:00001bf0       $pdata$TranslateName       0000000180046bf0     libucrt:getqloc_downlevel.obj
 0004:00001bfc       $pdata$__acrt_get_qualified_locale_downlevel 0000000180046bfc     libucrt:getqloc_downlevel.obj
 0004:00001c08       $pdata$__acrt_lowio_create_handle_array 0000000180046c08     libucrt:osfinfo.obj
 0004:00001c14       $pdata$__acrt_lowio_destroy_handle_array 0000000180046c14     libucrt:osfinfo.obj
 0004:00001c20       $pdata$__acrt_lowio_ensure_fh_exists 0000000180046c20     libucrt:osfinfo.obj
 0004:00001c2c       $pdata$_free_osfhnd        0000000180046c2c     libucrt:osfinfo.obj
 0004:00001c38       $pdata$_get_osfhandle      0000000180046c38     libucrt:osfinfo.obj
 0004:00001c50       $pdata$?GetTableIndexFromLocaleName@@YAHPEB_W@Z 0000000180046c50     libucrt:lcidtoname_downlevel.obj
 0004:00001c5c       $pdata$__acrt_DownlevelLCIDToLocaleName 0000000180046c5c     libucrt:lcidtoname_downlevel.obj
 0004:00001c68       $pdata$__acrt_DownlevelLocaleNameToLCID 0000000180046c68     libucrt:lcidtoname_downlevel.obj
 0004:00001c74       $pdata$?__wcsrtombs_utf8@__crt_mbstring@@YA_KPEADPEAPEB_W_KPEAU_Mbstatet@@@Z 0000000180046c74     libucrt:wcrtomb.obj
 0004:00001c80       $pdata$strncpy_s           0000000180046c80     libucrt:strncpy_s.obj
 0004:00001c8c       $pdata$__acrt_fenv_set_control 0000000180046c8c     libucrt:_fenvutils.obj
 0004:00001c98       $pdata$_call_matherr       0000000180046c98     libucrt:libm_error.obj
 0004:00001ca4       $pdata$_exception_enabled  0000000180046ca4     libucrt:libm_error.obj
 0004:00001cb0       $pdata$_handle_error       0000000180046cb0     libucrt:libm_error.obj
 0004:00001cbc       $pdata$_handle_errorf      0000000180046cbc     libucrt:libm_error.obj
 0004:00001cc8       $pdata$_towlower_l         0000000180046cc8     libucrt:towlower.obj
 0004:00001cd4       $pdata$qsort               0000000180046cd4     libucrt:qsort.obj
 0004:00001ce0       $pdata$4$qsort             0000000180046ce0     libucrt:qsort.obj
 0004:00001cec       $pdata$5$qsort             0000000180046cec     libucrt:qsort.obj
 0004:00001cf8       $pdata$fallbackMethod      0000000180046cf8     libucrt:strpbrk.obj
 0004:00001d04       $pdata$strpbrk             0000000180046d04     libucrt:strpbrk.obj
 0004:00001d10       $pdata$_mbsdec_l           0000000180046d10     libucrt:mbsdec.obj
 0004:00001d1c       $pdata$?initialize_multibyte@@YAHXZ 0000000180046d1c     libucrt:multibyte_initializer.obj
 0004:00001d28       $pdata$_msize_base         0000000180046d28     libucrt:msize.obj
 0004:00001d34       $pdata$??$?RV<lambda_a37b2b86f63e897a80ea819b0eb08c01>@@AEAV<lambda_38ce7e780aa69e748d6df282ebc68efe>@@V<lambda_99fb1378e971ab6e7edea83e3a7a83a2>@@@?$__crt_seh_guarded_call@H@@QEAAH$$QEAV<lambda_a37b2b86f63e897a80ea819b0eb08c01>@@AEAV<lambda_38ce7e780aa69e748d6df282ebc68efe>@@$$QEAV<lambda_99fb1378e971ab6e7edea83e3a7a83a2>@@@Z 0000000180046d34     libucrt:commit.obj
 0004:00001d40       $pdata$_commit             0000000180046d40     libucrt:commit.obj
 0004:00001d4c       $pdata$?write_double_translated_ansi_nolock@@YA?AUwrite_result@?A0x17268360@@HQEBDI@Z 0000000180046d4c     libucrt:write.obj
 0004:00001d58       $pdata$?write_text_ansi_nolock@@YA?AUwrite_result@?A0x17268360@@HQEBDI@Z 0000000180046d58     libucrt:write.obj
 0004:00001d64       $pdata$?write_text_utf16le_nolock@@YA?AUwrite_result@?A0x17268360@@HQEBDI@Z 0000000180046d64     libucrt:write.obj
 0004:00001d70       $pdata$?write_text_utf8_nolock@@YA?AUwrite_result@?A0x17268360@@HQEBDI@Z 0000000180046d70     libucrt:write.obj
 0004:00001d7c       $pdata$_write              0000000180046d7c     libucrt:write.obj
 0004:00001d88       $pdata$_write_nolock       0000000180046d88     libucrt:write.obj
 0004:00001d94       $pdata$?__mbrtoc32_utf8@__crt_mbstring@@YA_KPEA_UPEBD_KPEAU_Mbstatet@@@Z 0000000180046d94     libucrt:mbrtoc32.obj
 0004:00001da0       $pdata$fegetenv            0000000180046da0     libucrt:fegetenv.obj
 0004:00001dac       $pdata$fesetenv            0000000180046dac     libucrt:fesetenv.obj
 0004:00001db8       $pdata$feholdexcept        0000000180046db8     libucrt:feholdexcept.obj
 0004:00001dd0       $pdata$??$common_lseek_nolock@_J@@YA_JH_JH@Z 0000000180046dd0     libucrt:lseek.obj
 0004:00001ddc       $pdata$_fclose_nolock      0000000180046ddc     libucrt:fclose.obj
 0004:00001de8       $pdata$fclose              0000000180046de8     libucrt:fclose.obj
 0004:00001df4       $pdata$??$common_xtox@K_W@@YAHKQEA_W_KI_N@Z 0000000180046df4     libucrt:xtoa.obj
 0004:00001e00       $pdata$??$common_xtox_s@K_W@@YAHKQEA_W_KI_N@Z 0000000180046e00     libucrt:xtoa.obj
 0004:00001e0c       $pdata$_itow_s             0000000180046e0c     libucrt:xtoa.obj
 0004:00001e18       $pdata$_wcsnicmp           0000000180046e18     libucrt:wcsnicmp.obj
 0004:00001e24       $pdata$_wcsnicmp_l         0000000180046e24     libucrt:wcsnicmp.obj
 0004:00001e30       $pdata$?__c16rtomb_utf8@__crt_mbstring@@YA_KPEAD_SPEAU_Mbstatet@@@Z 0000000180046e30     libucrt:c16rtomb.obj
 0004:00001e3c       $pdata$__acrt_LCMapStringW 0000000180046e3c     libucrt:lcmapstringw.obj
 0004:00001e48       $pdata$_putwch_nolock      0000000180046e48     libucrt:putwch.obj
 0004:00001e54       $pdata$_clearfp            0000000180046e54     libucrt:ieee.obj
 0004:00001e60       $pdata$_log10_special      0000000180046e60     libucrt:log_special.obj
 0004:00001e6c       $pdata$_log_special_common 0000000180046e6c     libucrt:log_special.obj
 0004:00001e78       $pdata$??$?RV<lambda_751a882b2c74d4b022dec766aa51a29a>@@AEAV<lambda_628dfdc04ba53c8bfc02c9951375f3f5>@@V<lambda_f6c7be5f7998530c34de24c7437d6b54>@@@?$__crt_seh_guarded_call@H@@QEAAH$$QEAV<lambda_751a882b2c74d4b022dec766aa51a29a>@@AEAV<lambda_628dfdc04ba53c8bfc02c9951375f3f5>@@$$QEAV<lambda_f6c7be5f7998530c34de24c7437d6b54>@@@Z 0000000180046e78     libucrt:close.obj
 0004:00001e84       $pdata$_close              0000000180046e84     libucrt:close.obj
 0004:00001e90       $pdata$_close_nolock       0000000180046e90     libucrt:close.obj
 0004:00001e9c       $pdata$__dcrt_lowio_ensure_console_output_initialized 0000000180046e9c     libucrt:initcon.obj
 0004:00001ea8       $pdata$__dcrt_terminate_console_output 0000000180046ea8     libucrt:initcon.obj
 0004:00001eb4       $pdata$__dcrt_write_console 0000000180046eb4     libucrt:initcon.obj
 0004:00001ec0       $pdata$?DloadAcquireSectionWriteAccess@@YAXXZ 0000000180046ec0     DelayImp:delayhlp.obj
 0004:00001ecc       $pdata$?DloadGetSRWLockFunctionPointers@@YAEXZ 0000000180046ecc     DelayImp:delayhlp.obj
 0004:00001ed8       $pdata$?DloadMakePermanentImageCommit@@YAXPEAX_K@Z 0000000180046ed8     DelayImp:delayhlp.obj
 0004:00001ee4       $pdata$?DloadObtainSection@@YAPEAXPEAK0@Z 0000000180046ee4     DelayImp:delayhlp.obj
 0004:00001ef0       $pdata$?DloadProtectSection@@YAXKPEAK@Z 0000000180046ef0     DelayImp:delayhlp.obj
 0004:00001efc       $pdata$?DloadReleaseSectionWriteAccess@@YAXXZ 0000000180046efc     DelayImp:delayhlp.obj
 0004:00001f08       $pdata$__delayLoadHelper2  0000000180046f08     DelayImp:delayhlp.obj
 0004:00001f14       $pdata$_IsNonwritableInCurrentImage 0000000180046f14     LIBCMT:pesect.obj
 0004:00001f20       $pdata$strrchr             0000000180046f20     libvcruntime:strrchr.obj
 0004:00001f2c       $pdata$wcschr              0000000180046f2c     libvcruntime:wcschr.obj
 0004:00001f44       $pdata$__scrt_is_nonwritable_in_current_image$filt$0 0000000180046f44     LIBCMT:utility.obj
 0004:00001f50       $pdata$?fin$0@?0??dllmain_crt_process_attach@@YAHQEAUHINSTANCE__@@QEAX@Z@4HA 0000000180046f50     LIBCMT:dll_dllmain.obj
 0004:00001f5c       $pdata$?fin$0@?0??dllmain_crt_process_detach@@YAH_N@Z@4HA 0000000180046f5c     LIBCMT:dll_dllmain.obj
 0004:00001f68       $pdata$?filt$0@?0??dllmain_dispatch@@YAHQEAUHINSTANCE__@@KQEAX@Z@4HA 0000000180046f68     LIBCMT:dll_dllmain.obj
 0004:00001f74       $pdata$?filt$0@?0???$_CallSETranslator@V__FrameHandler3@@@@YAHPEAUEHExceptionRecord@@PEA_KPEAU_CONTEXT@@PEAU_xDISPATCHER_CONTEXT@@PEBU_s_FuncInfo@@K1@Z@4HA 0000000180046f74     libvcruntime:risctrnsctrl.obj
 0004:00001f80       $pdata$__DestructExceptionObject$filt$0 0000000180046f80     libvcruntime:ehhelpers.obj
 0004:00001f8c       $pdata$?filt$0@?0??CxxCallCatchBlock@__FrameHandler3@@SAPEAXPEAU_EXCEPTION_RECORD@@@Z@4HA 0000000180046f8c     libvcruntime:frame.obj
 0004:00001f98       $pdata$?fin$1@?0??CxxCallCatchBlock@__FrameHandler3@@SAPEAXPEAU_EXCEPTION_RECORD@@@Z@4HA 0000000180046f98     libvcruntime:frame.obj
 0004:00001fa4       $pdata$?filt$0@?0??FrameUnwindToState@__FrameHandler3@@SAXPEA_KPEAU_xDISPATCHER_CONTEXT@@PEBU_s_FuncInfo@@H@Z@4HA 0000000180046fa4     libvcruntime:frame.obj
 0004:00001fb0       $pdata$?fin$1@?0??FrameUnwindToState@__FrameHandler3@@SAXPEA_KPEAU_xDISPATCHER_CONTEXT@@PEBU_s_FuncInfo@@H@Z@4HA 0000000180046fb0     libvcruntime:frame.obj
 0004:00001fbc       $pdata$?fin$0@?0???$?RV<lambda_9bd929c17696992ce54f1d748594fc62>@@AEAV<lambda_082c17da81b0962e08c0587ee0fac50c>@@V<lambda_9c08ac857f4975304d44e9f601d9b878>@@@?$__crt_seh_guarded_call@PEAD@@QEAAPEAD$$QEAV<lambda_9bd929c17696992ce54f1d748594fc62>@@AEAV<lambda_082c17da81b0962e08c0587ee0fac50c>@@$$QEAV<lambda_9c08ac857f4975304d44e9f601d9b878>@@@Z@4HA 0000000180046fbc     libucrt:setlocale.obj
 0004:00001fbc       $pdata$?fin$0@?0???$?RV<lambda_bd00b5aa228bd7e7e5b2b5db5fd2933b>@@AEAV<lambda_777d11615145f89ee95b9466d285deeb>@@V<lambda_6e5e48fbd24f9f8f81b203eb3d877683>@@@?$__crt_seh_guarded_call@H@@QEAAH$$QEAV<lambda_bd00b5aa228bd7e7e5b2b5db5fd2933b>@@AEAV<lambda_777d11615145f89ee95b9466d285deeb>@@$$QEAV<lambda_6e5e48fbd24f9f8f81b203eb3d877683>@@@Z@4HA 0000000180046fbc     libucrt:winapi_thunks.obj
 0004:00001fbc       $pdata$?fin$0@?0???$?RV<lambda_638799b9deba96c50f710eeac98168cd>@@AEAV<lambda_22ebabd17bc4fa466a2aca6d8deb888d>@@V<lambda_a6f7d7db0129f75315ebf26d50c089f1>@@@?$__crt_seh_guarded_call@H@@QEAAH$$QEAV<lambda_638799b9deba96c50f710eeac98168cd>@@AEAV<lambda_22ebabd17bc4fa466a2aca6d8deb888d>@@$$QEAV<lambda_a6f7d7db0129f75315ebf26d50c089f1>@@@Z@4HA 0000000180046fbc     libucrt:onexit.obj
 0004:00001fbc       $pdata$?fin$0@?0???$?RV<lambda_efdfa57d1f175319df784efa44bb7b81>@@AEAV<lambda_5f0a4c1567f8adc6734073e5d1e1b35c>@@V<lambda_2e8a7d3640ea6ccb4c2413664c2db6fd>@@@?$__crt_seh_guarded_call@X@@QEAAX$$QEAV<lambda_efdfa57d1f175319df784efa44bb7b81>@@AEAV<lambda_5f0a4c1567f8adc6734073e5d1e1b35c>@@$$QEAV<lambda_2e8a7d3640ea6ccb4c2413664c2db6fd>@@@Z@4HA 0000000180046fbc     libucrt:mbctype.obj
 0004:00001fbc       $pdata$?fin$0@?0???$?RV<lambda_d80eeec6fff315bfe5c115232f3240e3>@@AEAV<lambda_6e4b09c48022b2350581041d5f6b0c4c>@@V<lambda_2358e3775559c9db80273638284d5e45>@@@?$__crt_seh_guarded_call@X@@QEAAX$$QEAV<lambda_d80eeec6fff315bfe5c115232f3240e3>@@AEAV<lambda_6e4b09c48022b2350581041d5f6b0c4c>@@$$QEAV<lambda_2358e3775559c9db80273638284d5e45>@@@Z@4HA 0000000180046fbc     libucrt:exit.obj
 0004:00001fbc       $pdata$?fin$0@?0???$?RV<lambda_7777bce6b2f8c936911f934f8298dc43>@@AEAV<lambda_f03950bc5685219e0bcd2087efbe011e>@@V<lambda_3883c3dff614d5e0c5f61bb1ac94921c>@@@?$__crt_seh_guarded_call@H@@QEAAH$$QEAV<lambda_7777bce6b2f8c936911f934f8298dc43>@@AEAV<lambda_f03950bc5685219e0bcd2087efbe011e>@@$$QEAV<lambda_3883c3dff614d5e0c5f61bb1ac94921c>@@@Z@4HA 0000000180046fbc     libucrt:onexit.obj
 0004:00001fbc       $pdata$?fin$0@?0???$?RV<lambda_aa87e3671a710a21b5dc78c0bdf72e11>@@AEAV<lambda_92619d2358a28f41a33ba319515a20b9>@@V<lambda_6992ecaafeb10aed2b74cb1fae11a551>@@@?$__crt_seh_guarded_call@X@@QEAAX$$QEAV<lambda_aa87e3671a710a21b5dc78c0bdf72e11>@@AEAV<lambda_92619d2358a28f41a33ba319515a20b9>@@$$QEAV<lambda_6992ecaafeb10aed2b74cb1fae11a551>@@@Z@4HA 0000000180046fbc     libucrt:per_thread_data.obj
 0004:00001fbc       $pdata$?fin$0@?0???$?RV<lambda_1d892b297fdedeee07ed8124eeb2f2fa>@@AEAV<lambda_ffc046909424fd52df0ac47e64813305>@@V<lambda_01a7098693036236037e7cdb9bca3d73>@@@?$__crt_seh_guarded_call@X@@QEAAX$$QEAV<lambda_1d892b297fdedeee07ed8124eeb2f2fa>@@AEAV<lambda_ffc046909424fd52df0ac47e64813305>@@$$QEAV<lambda_01a7098693036236037e7cdb9bca3d73>@@@Z@4HA 0000000180046fbc     libucrt:wsetlocale.obj
 0004:00001fbc       $pdata$?fin$0@?0???$?RV<lambda_f2e299630e499de9f9a165e60fcd3db5>@@AEAV<lambda_2ae9d31cdba2644fcbeaf08da7c24588>@@V<lambda_40d01ff24d0e7b3814fdbdcee8eab3c7>@@@?$__crt_seh_guarded_call@X@@QEAAX$$QEAV<lambda_f2e299630e499de9f9a165e60fcd3db5>@@AEAV<lambda_2ae9d31cdba2644fcbeaf08da7c24588>@@$$QEAV<lambda_40d01ff24d0e7b3814fdbdcee8eab3c7>@@@Z@4HA 0000000180046fbc     libucrt:per_thread_data.obj
 0004:00001fbc       $pdata$?fin$0@?0???$?RV<lambda_450d765d439847d4c735a33c368b5fc0>@@AEAV<lambda_44731a7d0e6d81c3e6aa82d741081786>@@V<lambda_601a2a7da3b7a96e9554ac7215c4b07c>@@@?$__crt_seh_guarded_call@P6AXH@Z@@QEAAP6AXH@Z$$QEAV<lambda_450d765d439847d4c735a33c368b5fc0>@@AEAV<lambda_44731a7d0e6d81c3e6aa82d741081786>@@$$QEAV<lambda_601a2a7da3b7a96e9554ac7215c4b07c>@@@Z@4HA 0000000180046fbc     libucrt:signal.obj
 0004:00001fbc       $pdata$?fin$0@?0???$?RV<lambda_2d41944a1d46af3157314b8a01080d33>@@AEAV<lambda_8f455de75cd7d7f24b4096f044d8b9e6>@@V<lambda_aa500f224e6afead328df44964fe2772>@@@?$__crt_seh_guarded_call@X@@QEAAX$$QEAV<lambda_2d41944a1d46af3157314b8a01080d33>@@AEAV<lambda_8f455de75cd7d7f24b4096f044d8b9e6>@@$$QEAV<lambda_aa500f224e6afead328df44964fe2772>@@@Z@4HA 0000000180046fbc     libucrt:per_thread_data.obj
 0004:00001fbc       $pdata$?fin$0@?0???$?RV<lambda_0ae27a3a962d80f24befdcbee591983d>@@AEAV<lambda_8d0ee55de4b1038c4002e0adecdf1839>@@V<lambda_dc504788e8f1664fe9b84e20bfb512f2>@@@?$__crt_seh_guarded_call@X@@QEAAX$$QEAV<lambda_0ae27a3a962d80f24befdcbee591983d>@@AEAV<lambda_8d0ee55de4b1038c4002e0adecdf1839>@@$$QEAV<lambda_dc504788e8f1664fe9b84e20bfb512f2>@@@Z@4HA 0000000180046fbc     libucrt:per_thread_data.obj
 0004:00001fc8       $pdata$_query_new_handler$fin$0 0000000180046fc8     libucrt:new_handler.obj
 0004:00001fd4       $pdata$?filt$0@?0???R<lambda_6e4b09c48022b2350581041d5f6b0c4c>@@QEBA@XZ@4HA 0000000180046fd4     libucrt:exit.obj
 0004:00001fe0       $pdata$raise$fin$0         0000000180046fe0     libucrt:signal.obj
 0004:00001fec       $pdata$?fin$0@?0???$?RV<lambda_410d79af7f07d98d83a3f525b3859a53>@@AEAV<lambda_3e16ef9562a7dcce91392c22ab16ea36>@@V<lambda_38119f0e861e05405d8a144b9b982f0a>@@@?$__crt_seh_guarded_call@X@@QEAAX$$QEAV<lambda_410d79af7f07d98d83a3f525b3859a53>@@AEAV<lambda_3e16ef9562a7dcce91392c22ab16ea36>@@$$QEAV<lambda_38119f0e861e05405d8a144b9b982f0a>@@@Z@4HA 0000000180046fec     libucrt:wsetlocale.obj
 0004:00001ff8       $pdata$?fin$0@?0???$?RV<lambda_7f2adfce497ff2baa965cd4f576ecfd1>@@AEAV<lambda_2a444430fde8c29194d880d93eed5e8f>@@AEAV<lambda_8dff2cf36a5417162780cd64fa2883ef>@@@?$__crt_seh_guarded_call@X@@QEAAX$$QEAV<lambda_7f2adfce497ff2baa965cd4f576ecfd1>@@AEAV<lambda_2a444430fde8c29194d880d93eed5e8f>@@AEAV<lambda_8dff2cf36a5417162780cd64fa2883ef>@@@Z@4HA 0000000180046ff8     libucrt:wsetlocale.obj
 0004:00002004       $pdata$__acrt_lowio_ensure_fh_exists$fin$0 0000000180047004     libucrt:osfinfo.obj
 0004:00002004       $pdata$__acrt_initialize_lowio$fin$0 0000000180047004     libucrt:ioinit.obj
 0004:00002010       $pdata$_ctrlfp$filt$0      0000000180047010     libucrt:fpctrl.obj
 0004:0000201c       $pdata$?fin$0@?0??update_thread_multibyte_data_internal@@YAPEAU__crt_multibyte_data@@QEAU__acrt_ptd@@QEAPEAU1@@Z@4HA 000000018004701c     libucrt:mbctype.obj
 0004:00002028       $pdata$?fin$0@?0???$?RV<lambda_842d9ff0dc9ef11c61343bbaebe7f885>@@AEAV<lambda_c5860995281e5c4ce005b3de8f5874ee>@@V<lambda_d90129c13df834fdcbf8d2b88dafcf2d>@@@?$__crt_seh_guarded_call@X@@QEAAX$$QEAV<lambda_842d9ff0dc9ef11c61343bbaebe7f885>@@AEAV<lambda_c5860995281e5c4ce005b3de8f5874ee>@@$$QEAV<lambda_d90129c13df834fdcbf8d2b88dafcf2d>@@@Z@4HA 0000000180047028     libucrt:fflush.obj
 0004:00002034       $pdata$?fin$0@?0???$?RV<lambda_886d6c58226a84441f68b9f2b8217b83>@@AEAV<lambda_ab61a845afdef5b7c387490eaf3616ee>@@V<lambda_f7f22ab5edc0698d5f6905b0d3f44752>@@@?$__crt_seh_guarded_call@X@@QEAAX$$QEAV<lambda_886d6c58226a84441f68b9f2b8217b83>@@AEAV<lambda_ab61a845afdef5b7c387490eaf3616ee>@@$$QEAV<lambda_f7f22ab5edc0698d5f6905b0d3f44752>@@@Z@4HA 0000000180047034     libucrt:fflush.obj
 0004:00002040       $pdata$__acrt_update_thread_locale_data$fin$0 0000000180047040     libucrt:locale_refcounting.obj
 0004:0000204c       $pdata$_fcloseall$fin$0    000000018004704c     libucrt:closeall.obj
 0004:00002058       $pdata$?fin$0@?0???$?RV<lambda_a37b2b86f63e897a80ea819b0eb08c01>@@AEAV<lambda_38ce7e780aa69e748d6df282ebc68efe>@@V<lambda_99fb1378e971ab6e7edea83e3a7a83a2>@@@?$__crt_seh_guarded_call@H@@QEAAH$$QEAV<lambda_a37b2b86f63e897a80ea819b0eb08c01>@@AEAV<lambda_38ce7e780aa69e748d6df282ebc68efe>@@$$QEAV<lambda_99fb1378e971ab6e7edea83e3a7a83a2>@@@Z@4HA 0000000180047058     libucrt:commit.obj
 0004:00002058       $pdata$?fin$0@?0???$?RV<lambda_751a882b2c74d4b022dec766aa51a29a>@@AEAV<lambda_628dfdc04ba53c8bfc02c9951375f3f5>@@V<lambda_f6c7be5f7998530c34de24c7437d6b54>@@@?$__crt_seh_guarded_call@H@@QEAAH$$QEAV<lambda_751a882b2c74d4b022dec766aa51a29a>@@AEAV<lambda_628dfdc04ba53c8bfc02c9951375f3f5>@@$$QEAV<lambda_f6c7be5f7998530c34de24c7437d6b54>@@@Z@4HA 0000000180047058     libucrt:close.obj
 0004:00002064       $pdata$_write$fin$0        0000000180047064     libucrt:write.obj
 0004:00002070       $pdata$fclose$fin$0        0000000180047070     libucrt:fclose.obj
 0004:0000207c       $pdata$_IsNonwritableInCurrentImage$filt$0 000000018004707c     LIBCMT:pesect.obj
 0004:00002088       $pdata$??__Fresult@?1??getStatusMap@?A0x5d6687e9@@YAAEBV?$map@V?$basic_string@DU?$char_traits@D@std@@V?$allocator@D@2@@std@@KU?$less@V?$basic_string@DU?$char_traits@D@std@@V?$allocator@D@2@@std@@@2@V?$allocator@U?$pair@$$CBV?$basic_string@DU?$char_traits@D@std@@V?$allocator@D@2@@std@@K@std@@@2@@std@@XZ@YAXXZ 0000000180047088     node_printer_win.obj
 0004:00002094       $pdata$??__Fresult@?1??getJobStatusMap@?A0x5d6687e9@@YAAEBV?$map@V?$basic_string@DU?$char_traits@D@std@@V?$allocator@D@2@@std@@KU?$less@V?$basic_string@DU?$char_traits@D@std@@V?$allocator@D@2@@std@@@2@V?$allocator@U?$pair@$$CBV?$basic_string@DU?$char_traits@D@std@@V?$allocator@D@2@@std@@K@std@@@2@@std@@XZ@YAXXZ 0000000180047094     node_printer_win.obj
 0004:000020a0       $pdata$??__Fresult@?1??getAttributeMap@?A0x5d6687e9@@YAAEBV?$map@V?$basic_string@DU?$char_traits@D@std@@V?$allocator@D@2@@std@@KU?$less@V?$basic_string@DU?$char_traits@D@std@@V?$allocator@D@2@@std@@@2@V?$allocator@U?$pair@$$CBV?$basic_string@DU?$char_traits@D@std@@V?$allocator@D@2@@std@@K@std@@@2@@std@@XZ@YAXXZ 00000001800470a0     node_printer_win.obj
 0004:000020ac       $pdata$??__Fresult@?1??getJobCommandMap@?A0x5d6687e9@@YAAEBV?$map@V?$basic_string@DU?$char_traits@D@std@@V?$allocator@D@2@@std@@KU?$less@V?$basic_string@DU?$char_traits@D@std@@V?$allocator@D@2@@std@@@2@V?$allocator@U?$pair@$$CBV?$basic_string@DU?$char_traits@D@std@@V?$allocator@D@2@@std@@K@std@@@2@@std@@XZ@YAXXZ 00000001800470ac     node_printer_win.obj
 0004:000020b8       $pdata$??__Fclassic_locale@std@@YAXXZ 00000001800470b8     libcpmt:locale0.obj
 0004:000020c4       $pdata$??__Finit_atexit@@YAXXZ 00000001800470c4     libcpmt:iosptrs.obj
 0005:00000060       $R000000                   0000000180048060     * linker generated manifest res *

 Exports

  ordinal    name

        1    _register_node_printer_
